<html>
<body>
<pre>
<h1>µVision Build Log</h1>
<h2>Project:</h2>
E:\v23ce5h1\Documents\ARM(from_lap_24.03.24())-20240325T085012Z-001\ARM\KEIL\I2C_EEPROM\I2C_EEPROM_CLEAR\I2C_EEPROM_CLEAR.uvproj
Project File Date:  03/23/2024

<h2>Output:</h2>
Rebuild target 'Target 1'
assembling Startup.s...
compiling I2C_EEPROM_CLEAR.c...
compiling I2C.c...
compiling I2C_EEPROM.C...
compiling UART0.c...
linking...
Program Size: Code=2056 RO-data=16 RW-data=0 ZI-data=1256  
"I2C_EEPROM_CLEAR.axf" - 0 Error(s), 0 Warning(s).
Rebuild target 'Target 1'
assembling Startup.s...
compiling I2C_EEPROM_CLEAR.c...
compiling I2C.c...
compiling I2C_EEPROM.C...
compiling UART0.c...
linking...
Program Size: Code=2056 RO-data=16 RW-data=0 ZI-data=1256  
"I2C_EEPROM_CLEAR.axf" - 0 Error(s), 0 Warning(s).
Rebuild target 'Target 1'
assembling Startup.s...
compiling I2C_EEPROM_CLEAR.c...
compiling I2C.c...
compiling I2C_EEPROM.C...
compiling UART0.c...
linking...
Program Size: Code=2328 RO-data=16 RW-data=0 ZI-data=1256  
FromELF: creating hex file...
"I2C_EEPROM_CLEAR.axf" - 0 Error(s), 0 Warning(s).
