<html>
<body>
<pre>
<h1>µVision Build Log</h1>
<h2>Project:</h2>
C:\laptop\HSSD\Vector\ARM\KEIL\PROJECT\HOME_SECURITY_SYSTEM\Basic_code\P1.uvproj
Project File Date:  03/22/2024

<h2>Output:</h2>
Build target 'Target 1'
assembling Startup.s...
compiling P1.c...
P1.c(181): warning:  #167-D: argument of type "u8 *" is incompatible with parameter of type "char *restrict"
P1.c(181): warning:  #167-D: argument of type "u8 *" is incompatible with parameter of type "const char *restrict"
P1.c(195): warning:  #167-D: argument of type "u8 *" is incompatible with parameter of type "char *restrict"
P1.c(195): warning:  #167-D: argument of type "u8 *" is incompatible with parameter of type "const char *restrict"
P1.c(176): warning:  #177-D: label "re1" was declared but never referenced
P1.c(190): warning:  #177-D: label "re2" was declared but never referenced
compiling delay.c...
compiling GSM.c...
compiling I2C.c...
compiling I2C_EEPROM.C...
compiling l293d.c...
compiling LCD.c...
compiling UART0.c...
compiling Whole_Keypad.c...
linking...
Program Size: Code=8516 RO-data=32 RW-data=204 ZI-data=1700  
FromELF: creating hex file...
"P1.axf" - 0 Error(s), 6 Warning(s).
