ARM Linker, 4.1 [Build 791] [Evaluation]

==============================================================================

Section Cross References

    startup.o(STACK) refers (Special) to heapauxi.o(.text) for __use_two_region_memory
    startup.o(HEAP) refers (Special) to heapauxi.o(.text) for __use_two_region_memory
    startup.o(RESET) refers (Special) to heapauxi.o(.text) for __use_two_region_memory
    startup.o(RESET) refers to startup.o(STACK) for Stack_Top
    startup.o(RESET) refers to __main.o(!!!main) for __main
    startup.o(.text) refers (Special) to heapauxi.o(.text) for __use_two_region_memory
    startup.o(.text) refers to startup.o(HEAP) for Heap_Mem
    startup.o(.text) refers to startup.o(STACK) for Stack_Mem
    p1.o(.text) refers to _printf_percent.o(.ARM.Collect$$_printf_percent$$00000000) for _printf_percent
    p1.o(.text) refers to _printf_s.o(.ARM.Collect$$_printf_percent$$00000014) for _printf_s
    p1.o(.text) refers to _printf_str.o(.text) for _printf_str
    p1.o(.text) refers to i2c_eeprom.o(.text) for I2C_EEPROM_PAGE_WRITE
    p1.o(.text) refers to lcd.o(.text) for LCD_COMMAND
    p1.o(.text) refers to whole_keypad.o(.text) for ALPHA_KEY
    p1.o(.text) refers to delay.o(.text) for delay_milli
    p1.o(.text) refers to gsm.o(.text) for GSM_SMS
    p1.o(.text) refers to strcmp.o(.text) for strcmp
    p1.o(.text) refers to noretval__2sprintf.o(.text) for __2sprintf
    p1.o(.text) refers to l293d.o(.text) for DOOR_OPEN
    p1.o(.text) refers to p1.o(.data) for pwd_reg
    p1.o(.text) refers to p1.o(.bss) for str
    p1.o(.text) refers to whole_keypad.o(.bss) for str_key
    p1.o(.text) refers to strncpy.o(.text) for strncpy
    p1.o(.text) refers to strcpy.o(.text) for strcpy
    p1.o(.text) refers to strncat.o(.text) for strncat
    p1.o(.text) refers to p1.o(.constdata) for defaut_num
    p1.o(.text) refers to gsm.o(.data) for NUM
    p1.o(.text) refers to i2c.o(.text) for I2C_INIT
    p1.o(.text) refers to uart0.o(.text) for UART0_INIT
    gsm.o(.text) refers to uart0.o(.text) for UART0_STR
    gsm.o(.text) refers to delay.o(.text) for delay_milli
    gsm.o(.text) refers to rand.o(.text) for srand
    gsm.o(.text) refers to rand.o(.emb_text) for rand
    gsm.o(.text) refers to aeabi_sdiv.o(.text) for __aeabi_idivmod
    gsm.o(.text) refers to aeabi_sdiv.o(.text_udiv) for __aeabi_uidivmod
    gsm.o(.text) refers to gsm.o(.data) for NUM
    i2c_eeprom.o(.text) refers to i2c.o(.text) for I2C_START
    i2c_eeprom.o(.text) refers to delay.o(.text) for delay_milli
    lcd.o(.text) refers to delay.o(.text) for delay_milli
    lcd.o(.text) refers to aeabi_sdiv.o(.text) for __aeabi_idivmod
    uart0.o(.text) refers to aeabi_sdiv.o(.text) for __aeabi_idivmod
    whole_keypad.o(.text) refers to lcd.o(.text) for LCD_COMMAND
    whole_keypad.o(.text) refers to delay.o(.text) for millis
    whole_keypad.o(.text) refers to whole_keypad.o(.data) for r
    whole_keypad.o(.text) refers to whole_keypad.o(.bss) for str_key
    __2sprintf.o(.text) refers to _printf_char_common.o(.text) for _printf_char_common
    __2sprintf.o(.text) refers to _sputc.o(.text) for _sputc
    noretval__2sprintf.o(.text) refers to _printf_char_common.o(.text) for _printf_char_common
    noretval__2sprintf.o(.text) refers to _sputc.o(.text) for _sputc
    __printf.o(.text) refers to __printf.o(i.__ARM_common_call_via_r1) for __ARM_common_call_via_r1
    __printf.o(.text) refers to _printf_percent.o(.ARM.Collect$$_printf_percent$$00000000) for _printf_percent
    __printf.o(.text) refers to __printf.o(i.__ARM_common_call_via_r2) for __ARM_common_call_via_r2
    _printf_str.o(.text) refers (Special) to _printf_char.o(.text) for _printf_cs_common
    _printf_str.o(.text) refers to __printf.o(i.__ARM_common_call_via_r2) for __ARM_common_call_via_r2
    __printf_flags.o(.text) refers to __printf.o(i.__ARM_common_call_via_r1) for __ARM_common_call_via_r1
    __printf_flags.o(.text) refers to _printf_percent.o(.ARM.Collect$$_printf_percent$$00000000) for _printf_percent
    __printf_flags.o(.text) refers to __printf.o(i.__ARM_common_call_via_r2) for __ARM_common_call_via_r2
    __printf_flags.o(.text) refers to __printf_flags.o(.constdata) for .constdata
    __printf_ss.o(.text) refers to __printf.o(i.__ARM_common_call_via_r1) for __ARM_common_call_via_r1
    __printf_ss.o(.text) refers to _printf_percent.o(.ARM.Collect$$_printf_percent$$00000000) for _printf_percent
    __printf_ss.o(.text) refers to __printf.o(i.__ARM_common_call_via_r2) for __ARM_common_call_via_r2
    __printf_flags_ss.o(.text) refers to __printf.o(i.__ARM_common_call_via_r1) for __ARM_common_call_via_r1
    __printf_flags_ss.o(.text) refers to _printf_percent.o(.ARM.Collect$$_printf_percent$$00000000) for _printf_percent
    __printf_flags_ss.o(.text) refers to __printf.o(i.__ARM_common_call_via_r2) for __ARM_common_call_via_r2
    __printf_flags_ss.o(.text) refers to __printf_flags_ss.o(.constdata) for .constdata
    __printf_wp.o(.text) refers to __printf.o(i.__ARM_common_call_via_r1) for __ARM_common_call_via_r1
    __printf_wp.o(.text) refers to __printf_wp.o(i._is_digit) for _is_digit
    __printf_wp.o(.text) refers to _printf_percent.o(.ARM.Collect$$_printf_percent$$00000000) for _printf_percent
    __printf_wp.o(.text) refers to __printf.o(i.__ARM_common_call_via_r2) for __ARM_common_call_via_r2
    __printf_flags_wp.o(.text) refers to __printf.o(i.__ARM_common_call_via_r1) for __ARM_common_call_via_r1
    __printf_flags_wp.o(.text) refers to __printf_wp.o(i._is_digit) for _is_digit
    __printf_flags_wp.o(.text) refers to _printf_percent.o(.ARM.Collect$$_printf_percent$$00000000) for _printf_percent
    __printf_flags_wp.o(.text) refers to __printf.o(i.__ARM_common_call_via_r2) for __ARM_common_call_via_r2
    __printf_flags_wp.o(.text) refers to __printf_flags_wp.o(.constdata) for .constdata
    __printf_ss_wp.o(.text) refers to __printf.o(i.__ARM_common_call_via_r1) for __ARM_common_call_via_r1
    __printf_ss_wp.o(.text) refers to __printf_wp.o(i._is_digit) for _is_digit
    __printf_ss_wp.o(.text) refers to _printf_percent.o(.ARM.Collect$$_printf_percent$$00000000) for _printf_percent
    __printf_ss_wp.o(.text) refers to __printf.o(i.__ARM_common_call_via_r2) for __ARM_common_call_via_r2
    __printf_flags_ss_wp.o(.text) refers to __printf.o(i.__ARM_common_call_via_r1) for __ARM_common_call_via_r1
    __printf_flags_ss_wp.o(.text) refers to __printf_wp.o(i._is_digit) for _is_digit
    __printf_flags_ss_wp.o(.text) refers to _printf_percent.o(.ARM.Collect$$_printf_percent$$00000000) for _printf_percent
    __printf_flags_ss_wp.o(.text) refers to __printf.o(i.__ARM_common_call_via_r2) for __ARM_common_call_via_r2
    __printf_flags_ss_wp.o(.text) refers to __printf_flags_ss_wp.o(.constdata) for .constdata
    _printf_s.o(.ARM.Collect$$_printf_percent$$00000014) refers (Weak) to _printf_char.o(.text) for _printf_string
    _printf_percent.o(.ARM.Collect$$_printf_percent$$00000000) refers (Special) to _printf_percent_end.o(.ARM.Collect$$_printf_percent$$00000017) for _printf_percent_end
    rand.o(.emb_text) refers (Special) to libinit2.o(.ARM.Collect$$libinit$$00000009) for __rt_lib_init_rand_2
    rand.o(.emb_text) refers to rand.o(.text) for _rand_init
    rand.o(.emb_text) refers to rand.o(.bss) for _random_number_data
    rand.o(.text) refers (Special) to libinit2.o(.ARM.Collect$$libinit$$00000009) for __rt_lib_init_rand_2
    rand.o(.text) refers to rand.o(.bss) for .bss
    rand.o(.bss) refers (Special) to libinit2.o(.ARM.Collect$$libinit$$00000009) for __rt_lib_init_rand_2
    strncpy.o(.text) refers to rt_memclr.o(.text) for __aeabi_memclr
    aeabi_sdiv.o(.text_udiv) refers to aeabi_sdiv.o(.text) for __arm_div2
    aeabi_sdiv_div0.o(.text_udiv) refers to aeabi_sdiv_div0.o(.text) for __arm_div2
    __main.o(!!!main) refers to rtentry.o(.ARM.Collect$$rtentry$$00000000) for __rt_entry
    rtentry.o(.ARM.Collect$$rtentry$$00000000) refers (Special) to rtentry2.o(.ARM.Collect$$rtentry$$0000000A) for __rt_entry_li
    rtentry.o(.ARM.Collect$$rtentry$$00000000) refers (Special) to rtentry2.o(.ARM.Collect$$rtentry$$0000000D) for __rt_entry_main
    rtentry.o(.ARM.Collect$$rtentry$$00000000) refers (Special) to rtentry2.o(.ARM.Collect$$rtentry$$0000000C) for __rt_entry_postli_1
    rtentry.o(.ARM.Collect$$rtentry$$00000000) refers (Special) to rtentry2.o(.ARM.Collect$$rtentry$$00000009) for __rt_entry_postsh_1
    rtentry.o(.ARM.Collect$$rtentry$$00000000) refers (Special) to rtentry2.o(.ARM.Collect$$rtentry$$00000002) for __rt_entry_presh_1
    rtentry.o(.ARM.Collect$$rtentry$$00000000) refers (Special) to rtentry4.o(.ARM.Collect$$rtentry$$00000004) for __rt_entry_sh
    aeabi_idiv0_sigfpe.o(.text) refers to rt_div0.o(.text) for __rt_div0
    _printf_char_common.o(.text) refers to __printf.o(.text) for __printf
    _printf_char.o(.text) refers (Weak) to _printf_str.o(.text) for _printf_str
    rt_memclr.o(.text) refers to rt_memclr_w.o(.text) for _memset_w
    libinit2.o(.ARM.Collect$$libinit$$00000009) refers (Weak) to rand.o(.text) for _rand_init
    libinit2.o(.ARM.Collect$$libinit$$0000000C) refers to libinit2.o(.ARM.Collect$$libinit$$0000000B) for .ARM.Collect$$libinit$$0000000B
    libinit2.o(.ARM.Collect$$libinit$$0000000E) refers to libinit2.o(.ARM.Collect$$libinit$$0000000B) for .ARM.Collect$$libinit$$0000000B
    libinit2.o(.ARM.Collect$$libinit$$00000010) refers to libinit2.o(.ARM.Collect$$libinit$$0000000B) for .ARM.Collect$$libinit$$0000000B
    libinit2.o(.ARM.Collect$$libinit$$00000012) refers to libinit2.o(.ARM.Collect$$libinit$$0000000B) for .ARM.Collect$$libinit$$0000000B
    libinit2.o(.ARM.Collect$$libinit$$00000014) refers to libinit2.o(.ARM.Collect$$libinit$$0000000B) for .ARM.Collect$$libinit$$0000000B
    libinit2.o(.ARM.Collect$$libinit$$00000022) refers to argv_veneer.o(.emb_text) for __ARM_argv_veneer
    libinit2.o(.ARM.Collect$$libinit$$00000023) refers to argv_veneer.o(.emb_text) for __ARM_argv_veneer
    rtentry2.o(.ARM.Collect$$rtentry$$00000008) refers to boardinit2.o(.text) for _platform_post_stackheap_init
    rtentry2.o(.ARM.Collect$$rtentry$$0000000A) refers to libinit.o(.ARM.Collect$$libinit$$00000000) for __rt_lib_init
    rtentry2.o(.ARM.Collect$$rtentry$$0000000B) refers to boardinit3.o(.text) for _platform_post_lib_init
    rtentry2.o(.ARM.Collect$$rtentry$$0000000D) refers to exit.o(.text) for exit
    rtentry2.o(.ARM.Collect$$rtentry$$0000000D) refers to p1.o(.text) for main
    rtentry2.o(.ARM.exidx) refers to rtentry2.o(.ARM.Collect$$rtentry$$00000001) for .ARM.Collect$$rtentry$$00000001
    rtentry2.o(.ARM.exidx) refers to rtentry2.o(.ARM.Collect$$rtentry$$00000008) for .ARM.Collect$$rtentry$$00000008
    rtentry2.o(.ARM.exidx) refers to rtentry2.o(.ARM.Collect$$rtentry$$0000000A) for .ARM.Collect$$rtentry$$0000000A
    rtentry2.o(.ARM.exidx) refers to rtentry2.o(.ARM.Collect$$rtentry$$0000000B) for .ARM.Collect$$rtentry$$0000000B
    rtentry2.o(.ARM.exidx) refers to rtentry2.o(.ARM.Collect$$rtentry$$0000000D) for .ARM.Collect$$rtentry$$0000000D
    rtentry4.o(.ARM.Collect$$rtentry$$00000004) refers to sys_stackheap_outer.o(.text) for __user_setup_stackheap
    rtentry4.o(.ARM.exidx) refers to rtentry4.o(.ARM.Collect$$rtentry$$00000004) for .ARM.Collect$$rtentry$$00000004
    rt_div0.o(.text) refers to defsig_fpe_outer.o(.text) for __rt_SIGFPE
    __printf_nopercent.o(.text) refers to __printf_nopercent.o(i.__ARM_common_call_via_r7) for __ARM_common_call_via_r7
    __printf_nopercent.o(.text) refers to __printf_nopercent.o(i.__ARM_common_call_via_r5) for __ARM_common_call_via_r5
    argv_veneer.o(.emb_text) refers to no_argv.o(.text) for __ARM_get_argv
    sys_stackheap_outer.o(.text) refers to libspace.o(.text) for __user_perproc_libspace
    sys_stackheap_outer.o(.text) refers to startup.o(.text) for __user_initial_stackheap
    exit.o(.text) refers to rtexit.o(.ARM.Collect$$rtexit$$00000000) for __rt_exit
    defsig_fpe_outer.o(.text) refers to defsig_fpe_inner.o(.text) for __rt_SIGFPE_inner
    defsig_fpe_outer.o(.text) refers to defsig_exit.o(.text) for __sig_exit
    defsig_fpe_formal.o(.text) refers to rt_raise.o(.text) for __rt_raise
    _get_argv_nomalloc.o(.text) refers (Special) to hrguard.o(.text) for __heap_region$guard
    _get_argv_nomalloc.o(.text) refers to defsig_rtmem_outer.o(.text) for __rt_SIGRTMEM
    _get_argv_nomalloc.o(.text) refers to sys_command.o(.text) for _sys_command_string
    libinit.o(.ARM.Collect$$libinit$$00000000) refers (Special) to libinit2.o(.ARM.Collect$$libinit$$0000002A) for __rt_lib_init_alloca_1
    libinit.o(.ARM.Collect$$libinit$$00000000) refers (Special) to libinit2.o(.ARM.Collect$$libinit$$00000028) for __rt_lib_init_argv_1
    libinit.o(.ARM.Collect$$libinit$$00000000) refers (Special) to libinit2.o(.ARM.Collect$$libinit$$00000017) for __rt_lib_init_atexit_1
    libinit.o(.ARM.Collect$$libinit$$00000000) refers (Special) to libinit2.o(.ARM.Collect$$libinit$$0000001D) for __rt_lib_init_clock_1
    libinit.o(.ARM.Collect$$libinit$$00000000) refers (Special) to libinit2.o(.ARM.Collect$$libinit$$0000002E) for __rt_lib_init_cpp_1
    libinit.o(.ARM.Collect$$libinit$$00000000) refers (Special) to libinit2.o(.ARM.Collect$$libinit$$0000002C) for __rt_lib_init_exceptions_1
    libinit.o(.ARM.Collect$$libinit$$00000000) refers (Special) to libinit2.o(.ARM.Collect$$libinit$$0000001B) for __rt_lib_init_fp_trap_1
    libinit.o(.ARM.Collect$$libinit$$00000000) refers (Special) to libinit2.o(.ARM.Collect$$libinit$$0000001F) for __rt_lib_init_getenv_1
    libinit.o(.ARM.Collect$$libinit$$00000000) refers (Special) to libinit2.o(.ARM.Collect$$libinit$$00000006) for __rt_lib_init_heap_1
    libinit.o(.ARM.Collect$$libinit$$00000000) refers (Special) to libinit2.o(.ARM.Collect$$libinit$$0000000D) for __rt_lib_init_lc_collate_1
    libinit.o(.ARM.Collect$$libinit$$00000000) refers (Special) to libinit2.o(.ARM.Collect$$libinit$$0000000F) for __rt_lib_init_lc_ctype_1
    libinit.o(.ARM.Collect$$libinit$$00000000) refers (Special) to libinit2.o(.ARM.Collect$$libinit$$00000011) for __rt_lib_init_lc_monetary_1
    libinit.o(.ARM.Collect$$libinit$$00000000) refers (Special) to libinit2.o(.ARM.Collect$$libinit$$00000013) for __rt_lib_init_lc_numeric_1
    libinit.o(.ARM.Collect$$libinit$$00000000) refers (Special) to libinit2.o(.ARM.Collect$$libinit$$00000015) for __rt_lib_init_lc_time_1
    libinit.o(.ARM.Collect$$libinit$$00000000) refers (Special) to libinit2.o(.ARM.Collect$$libinit$$0000000A) for __rt_lib_init_rand_1
    libinit.o(.ARM.Collect$$libinit$$00000000) refers (Special) to libinit2.o(.ARM.Collect$$libinit$$0000002F) for __rt_lib_init_return
    libinit.o(.ARM.Collect$$libinit$$00000000) refers (Special) to libinit2.o(.ARM.Collect$$libinit$$00000019) for __rt_lib_init_signal_1
    libinit.o(.ARM.Collect$$libinit$$00000000) refers (Special) to libinit2.o(.ARM.Collect$$libinit$$00000021) for __rt_lib_init_stdio_1
    libinit.o(.ARM.Collect$$libinit$$00000000) refers (Special) to libinit2.o(.ARM.Collect$$libinit$$00000008) for __rt_lib_init_user_alloc_1
    libinit.o(.ARM.Collect$$libinit$$00000000) refers to fpinit.o(x$fpl$fpinit) for _fp_init
    sys_command.o(.text) refers (Special) to use_no_semi.o(.text) for __I$use$semihosting
    sys_command.o(.text) refers (Special) to indicate_semi.o(.text) for __semihosting_library_function
    libspace.o(.text) refers to libspace.o(.bss) for __libspace_start
    rtexit.o(.ARM.Collect$$rtexit$$00000000) refers (Special) to rtexit2.o(.ARM.Collect$$rtexit$$00000004) for __rt_exit_exit
    rtexit.o(.ARM.Collect$$rtexit$$00000000) refers (Special) to rtexit2.o(.ARM.Collect$$rtexit$$00000003) for __rt_exit_ls
    rtexit.o(.ARM.Collect$$rtexit$$00000000) refers (Special) to rtexit2.o(.ARM.Collect$$rtexit$$00000002) for __rt_exit_prels_1
    rtexit.o(.ARM.exidx) refers (Special) to rtexit2.o(.ARM.Collect$$rtexit$$00000004) for __rt_exit_exit
    rtexit.o(.ARM.exidx) refers (Special) to rtexit2.o(.ARM.Collect$$rtexit$$00000003) for __rt_exit_ls
    rtexit.o(.ARM.exidx) refers (Special) to rtexit2.o(.ARM.Collect$$rtexit$$00000002) for __rt_exit_prels_1
    rtexit.o(.ARM.exidx) refers to rtexit.o(.ARM.Collect$$rtexit$$00000000) for .ARM.Collect$$rtexit$$00000000
    rt_raise.o(.text) refers to __raise.o(.text) for __raise
    rt_raise.o(.text) refers to sys_exit.o(.text) for _sys_exit
    defsig_exit.o(.text) refers to sys_exit.o(.text) for _sys_exit
    defsig_fpe_inner.o(.text) refers to defsig_general.o(.text) for __default_signal_display
    defsig_rtmem_outer.o(.text) refers to defsig_rtmem_inner.o(.text) for __rt_SIGRTMEM_inner
    defsig_rtmem_outer.o(.text) refers to defsig_exit.o(.text) for __sig_exit
    defsig_rtmem_formal.o(.text) refers to rt_raise.o(.text) for __rt_raise
    fpinit.o(x$fpl$fpinit) refers to rt_fp_status_addr_intlibspace.o(.text) for __rt_fp_status_addr
    sys_exit.o(.text) refers (Special) to use_no_semi.o(.text) for __I$use$semihosting
    sys_exit.o(.text) refers (Special) to indicate_semi.o(.text) for __semihosting_library_function
    rtexit2.o(.ARM.Collect$$rtexit$$00000003) refers to libshutdown.o(.ARM.Collect$$libshutdown$$00000000) for __rt_lib_shutdown
    rtexit2.o(.ARM.Collect$$rtexit$$00000004) refers to sys_exit.o(.text) for _sys_exit
    rtexit2.o(.ARM.exidx) refers to rtexit2.o(.ARM.Collect$$rtexit$$00000001) for .ARM.Collect$$rtexit$$00000001
    rtexit2.o(.ARM.exidx) refers to rtexit2.o(.ARM.Collect$$rtexit$$00000003) for .ARM.Collect$$rtexit$$00000003
    rtexit2.o(.ARM.exidx) refers to rtexit2.o(.ARM.Collect$$rtexit$$00000004) for .ARM.Collect$$rtexit$$00000004
    rt_fp_status_addr.o(.text) refers to rt_fp_status_addr.o(.bss) for __rt_fp_status_addr_data
    rt_fp_status_addr_intlibspace.o(.text) refers to libspace.o(.bss) for __libspace_start
    __raise.o(.text) refers to __printf.o(i.__ARM_common_call_via_r2) for __ARM_common_call_via_r2
    __raise.o(.text) refers to defsig.o(CL$$defsig) for __default_signal_handler
    defsig_general.o(.text) refers to sys_wrch.o(.text) for _ttywrch
    defsig_rtmem_inner.o(.text) refers to defsig_general.o(.text) for __default_signal_display
    sys_wrch.o(.text) refers (Special) to use_no_semi.o(.text) for __I$use$semihosting
    sys_wrch.o(.text) refers (Special) to indicate_semi.o(.text) for __semihosting_library_function
    defsig.o(CL$$defsig) refers to defsig_fpe_inner.o(.text) for __rt_SIGFPE_inner
    defsig.o(CL$$defsig) refers to defsig_rtmem_inner.o(.text) for __rt_SIGRTMEM_inner
    libshutdown.o(.ARM.Collect$$libshutdown$$00000000) refers (Special) to libshutdown2.o(.ARM.Collect$$libshutdown$$00000006) for __rt_lib_shutdown_fp_trap_1
    libshutdown.o(.ARM.Collect$$libshutdown$$00000000) refers (Special) to libshutdown2.o(.ARM.Collect$$libshutdown$$0000000E) for __rt_lib_shutdown_heap_1
    libshutdown.o(.ARM.Collect$$libshutdown$$00000000) refers (Special) to libshutdown2.o(.ARM.Collect$$libshutdown$$0000000F) for __rt_lib_shutdown_return
    libshutdown.o(.ARM.Collect$$libshutdown$$00000000) refers (Special) to libshutdown2.o(.ARM.Collect$$libshutdown$$00000009) for __rt_lib_shutdown_signal_1
    libshutdown.o(.ARM.Collect$$libshutdown$$00000000) refers (Special) to libshutdown2.o(.ARM.Collect$$libshutdown$$00000003) for __rt_lib_shutdown_stdio_1
    libshutdown.o(.ARM.Collect$$libshutdown$$00000000) refers (Special) to libshutdown2.o(.ARM.Collect$$libshutdown$$0000000B) for __rt_lib_shutdown_user_alloc_1
    defsig_abrt_inner.o(.text) refers to defsig_general.o(.text) for __default_signal_display
    defsig_rtred_inner.o(.text) refers to defsig_general.o(.text) for __default_signal_display
    defsig_stak_inner.o(.text) refers to defsig_general.o(.text) for __default_signal_display
    defsig_pvfn_inner.o(.text) refers to defsig_general.o(.text) for __default_signal_display
    defsig_cppl_inner.o(.text) refers to defsig_general.o(.text) for __default_signal_display
    defsig_segv_inner.o(.text) refers to defsig_general.o(.text) for __default_signal_display
    defsig_other.o(.text) refers to defsig_general.o(.text) for __default_signal_display


==============================================================================

Adding Veneers to the image

    Adding TA veneer (4 bytes, Inline) for call to '_printf_percent' from __printf.o(.text).
    Adding AT veneer (8 bytes, Inline) for call to '__rt_lib_init' from rtentry2.o(.ARM.Collect$$rtentry$$0000000A).
    Adding AT veneer (8 bytes, Inline) for call to '__rt_lib_shutdown' from rtexit2.o(.ARM.Collect$$rtexit$$00000003).
    Adding TA veneer (4 bytes, Inline) for call to '__rt_exit' from exit.o(.text).
    Adding AT veneer (8 bytes, Inline) for call to 'rand' from gsm.o(.text).
    Adding AT veneer (8 bytes, Inline) for call to '__2sprintf' from p1.o(.text).
    Adding AT veneer (8 bytes, Inline) for call to 'srand' from gsm.o(.text).
    Adding AT veneer (8 bytes, Inline) for call to 'strncat' from p1.o(.text).
    Adding AT veneer (8 bytes, Inline) for call to 'strcpy' from p1.o(.text).
    Adding AT veneer (8 bytes, Inline) for call to '_printf_string' from _printf_s.o(.ARM.Collect$$_printf_percent$$00000014).
    Adding AT veneer (8 bytes, Inline) for call to '_sys_exit' from rtexit2.o(.ARM.Collect$$rtexit$$00000004).
    Adding TA veneer (4 bytes, Inline) for call to '_fp_init' from libinit.o(.ARM.Collect$$libinit$$00000000).

12 Veneer(s) (total 84 bytes) added to the image.

==============================================================================

Image Symbol Table

    Local Symbols

    Symbol Name                              Value     Ov Type        Size  Object(Section)

    RESET                                    0x00000000   Section      272  startup.o(RESET)
    ../../angel/boardlib.s                   0x00000000   Number         0  boardinit3.o ABSOLUTE
    ../../angel/boardlib.s                   0x00000000   Number         0  boardshut.o ABSOLUTE
    ../../angel/boardlib.s                   0x00000000   Number         0  boardinit1.o ABSOLUTE
    ../../angel/boardlib.s                   0x00000000   Number         0  boardinit2.o ABSOLUTE
    ../../angel/handlers.s                   0x00000000   Number         0  __scatter_zi.o ABSOLUTE
    ../../angel/handlers.s                   0x00000000   Number         0  __scatter_copy.o ABSOLUTE
    ../../angel/kernel.s                     0x00000000   Number         0  rtentry2.o ABSOLUTE
    ../../angel/kernel.s                     0x00000000   Number         0  rtexit.o ABSOLUTE
    ../../angel/kernel.s                     0x00000000   Number         0  rtentry.o ABSOLUTE
    ../../angel/kernel.s                     0x00000000   Number         0  rtentry4.o ABSOLUTE
    ../../angel/kernel.s                     0x00000000   Number         0  rtexit2.o ABSOLUTE
    ../../angel/rt.s                         0x00000000   Number         0  aeabi_idiv0.o ABSOLUTE
    ../../angel/rt.s                         0x00000000   Number         0  rt_div0.o ABSOLUTE
    ../../angel/rt.s                         0x00000000   Number         0  rt_fp_status_addr.o ABSOLUTE
    ../../angel/rt.s                         0x00000000   Number         0  rt_fp_status_addr_intlibspace.o ABSOLUTE
    ../../angel/rt.s                         0x00000000   Number         0  aeabi_idiv0_sigfpe.o ABSOLUTE
    ../../angel/rt.s                         0x00000000   Number         0  rt_raise.o ABSOLUTE
    ../../angel/scatter.s                    0x00000000   Number         0  __scatter.o ABSOLUTE
    ../../angel/startup.s                    0x00000000   Number         0  __main.o ABSOLUTE
    ../../angel/sys.s                        0x00000000   Number         0  libspace.o ABSOLUTE
    ../../angel/sys.s                        0x00000000   Number         0  sys_stackheap_outer.o ABSOLUTE
    ../../angel/sys.s                        0x00000000   Number         0  use_no_semi.o ABSOLUTE
    ../../angel/sys.s                        0x00000000   Number         0  indicate_semi.o ABSOLUTE
    ../../angel/sysapp.c                     0x00000000   Number         0  sys_command.o ABSOLUTE
    ../../angel/sysapp.c                     0x00000000   Number         0  sys_wrch.o ABSOLUTE
    ../../angel/sysapp.c                     0x00000000   Number         0  sys_exit.o ABSOLUTE
    ../../armsys.c                           0x00000000   Number         0  argv_veneer.o ABSOLUTE
    ../../armsys.c                           0x00000000   Number         0  no_argv.o ABSOLUTE
    ../../armsys.c                           0x00000000   Number         0  _get_argv_nomalloc.o ABSOLUTE
    ../../armsys.c                           0x00000000   Number         0  argv_veneer.o ABSOLUTE
    ../../division.s                         0x00000000   Number         0  aeabi_sdiv_div0.o ABSOLUTE
    ../../division.s                         0x00000000   Number         0  aeabi_sdiv.o ABSOLUTE
    ../../divrt.s                            0x00000000   Number         0  divrt_7tdmi.o ABSOLUTE
    ../../divrt.s                            0x00000000   Number         0  divrt_7tdmi_div0.o ABSOLUTE
    ../../fpinit.s                           0x00000000   Number         0  fpinit.o ABSOLUTE
    ../../heapalloc.c                        0x00000000   Number         0  hrguard.o ABSOLUTE
    ../../heapaux.c                          0x00000000   Number         0  heapauxi.o ABSOLUTE
    ../../libinit.s                          0x00000000   Number         0  libshutdown.o ABSOLUTE
    ../../libinit.s                          0x00000000   Number         0  libshutdown2.o ABSOLUTE
    ../../libinit.s                          0x00000000   Number         0  libinit2.o ABSOLUTE
    ../../libinit.s                          0x00000000   Number         0  libinit.o ABSOLUTE
    ../../memcpset.s                         0x00000000   Number         0  rt_memclr_w.o ABSOLUTE
    ../../memcpset.s                         0x00000000   Number         0  strncpy.o ABSOLUTE
    ../../memcpset.s                         0x00000000   Number         0  rt_memclr.o ABSOLUTE
    ../../memcpset.s                         0x00000000   Number         0  strcmp.o ABSOLUTE
    ../../printf.c                           0x00000000   Number         0  _printf_str.o ABSOLUTE
    ../../printf.c                           0x00000000   Number         0  __printf_flags.o ABSOLUTE
    ../../printf.c                           0x00000000   Number         0  __printf_ss.o ABSOLUTE
    ../../printf.c                           0x00000000   Number         0  __printf_wp.o ABSOLUTE
    ../../printf.c                           0x00000000   Number         0  __printf_flags_wp.o ABSOLUTE
    ../../printf.c                           0x00000000   Number         0  __printf_ss_wp.o ABSOLUTE
    ../../printf.c                           0x00000000   Number         0  __printf_flags_ss_wp.o ABSOLUTE
    ../../printf.c                           0x00000000   Number         0  _sputc.o ABSOLUTE
    ../../printf.c                           0x00000000   Number         0  __printf_nopercent.o ABSOLUTE
    ../../printf.c                           0x00000000   Number         0  _printf_char.o ABSOLUTE
    ../../printf.c                           0x00000000   Number         0  __2sprintf.o ABSOLUTE
    ../../printf.c                           0x00000000   Number         0  noretval__2sprintf.o ABSOLUTE
    ../../printf.c                           0x00000000   Number         0  __printf.o ABSOLUTE
    ../../printf.c                           0x00000000   Number         0  __printf_flags_ss.o ABSOLUTE
    ../../printf.c                           0x00000000   Number         0  _printf_char_common.o ABSOLUTE
    ../../printf_percent.s                   0x00000000   Number         0  _printf_percent_end.o ABSOLUTE
    ../../printf_percent.s                   0x00000000   Number         0  _printf_s.o ABSOLUTE
    ../../printf_percent.s                   0x00000000   Number         0  _printf_percent.o ABSOLUTE
    ../../signal.c                           0x00000000   Number         0  defsig_abrt_inner.o ABSOLUTE
    ../../signal.c                           0x00000000   Number         0  defsig_rtred_inner.o ABSOLUTE
    ../../signal.c                           0x00000000   Number         0  defsig_rtmem_inner.o ABSOLUTE
    ../../signal.c                           0x00000000   Number         0  defsig_stak_inner.o ABSOLUTE
    ../../signal.c                           0x00000000   Number         0  defsig_pvfn_inner.o ABSOLUTE
    ../../signal.c                           0x00000000   Number         0  defsig_cppl_inner.o ABSOLUTE
    ../../signal.c                           0x00000000   Number         0  defsig_segv_inner.o ABSOLUTE
    ../../signal.c                           0x00000000   Number         0  defsig_other.o ABSOLUTE
    ../../signal.c                           0x00000000   Number         0  defsig_fpe_formal.o ABSOLUTE
    ../../signal.c                           0x00000000   Number         0  defsig_fpe_outer.o ABSOLUTE
    ../../signal.c                           0x00000000   Number         0  defsig_general.o ABSOLUTE
    ../../signal.c                           0x00000000   Number         0  defsig_rtmem_formal.o ABSOLUTE
    ../../signal.c                           0x00000000   Number         0  defsig_rtmem_outer.o ABSOLUTE
    ../../signal.c                           0x00000000   Number         0  defsig_fpe_inner.o ABSOLUTE
    ../../signal.c                           0x00000000   Number         0  defsig_exit.o ABSOLUTE
    ../../signal.c                           0x00000000   Number         0  __raise.o ABSOLUTE
    ../../signal.s                           0x00000000   Number         0  defsig.o ABSOLUTE
    ../../stdlib.c                           0x00000000   Number         0  rand.o ABSOLUTE
    ../../stdlib.c                           0x00000000   Number         0  exit.o ABSOLUTE
    ../../stdlib.c                           0x00000000   Number         0  rand.o ABSOLUTE
    ../../string.c                           0x00000000   Number         0  strncat.o ABSOLUTE
    ../../string.c                           0x00000000   Number         0  strcpy.o ABSOLUTE
    GSM.c                                    0x00000000   Number         0  gsm.o ABSOLUTE
    I2C.c                                    0x00000000   Number         0  i2c.o ABSOLUTE
    I2C_EEPROM.C                             0x00000000   Number         0  i2c_eeprom.o ABSOLUTE
    LCD.c                                    0x00000000   Number         0  lcd.o ABSOLUTE
    P1.c                                     0x00000000   Number         0  p1.o ABSOLUTE
    Startup.s                                0x00000000   Number         0  startup.o ABSOLUTE
    UART0.c                                  0x00000000   Number         0  uart0.o ABSOLUTE
    Whole_Keypad.c                           0x00000000   Number         0  whole_keypad.o ABSOLUTE
    dc.s                                     0x00000000   Number         0  dc.o ABSOLUTE
    delay.c                                  0x00000000   Number         0  delay.o ABSOLUTE
    l293d.c                                  0x00000000   Number         0  l293d.o ABSOLUTE
    Undef_Handler                            0x00000040   ARM Code       4  startup.o(RESET)
    SWI_Handler                              0x00000044   ARM Code       4  startup.o(RESET)
    PAbt_Handler                             0x00000048   ARM Code       4  startup.o(RESET)
    DAbt_Handler                             0x0000004c   ARM Code       4  startup.o(RESET)
    IRQ_Handler                              0x00000050   ARM Code       4  startup.o(RESET)
    FIQ_Handler                              0x00000054   ARM Code       4  startup.o(RESET)
    !!!main                                  0x00000110   Section        8  __main.o(!!!main)
    !!!scatter                               0x00000118   Section       60  __scatter.o(!!!scatter)
    !!handler_copy                           0x00000154   Section       40  __scatter_copy.o(!!handler_copy)
    !!handler_zi                             0x0000017c   Section       44  __scatter_zi.o(!!handler_zi)
    .ARM.Collect$$_printf_percent$$00000000  0x000001ac   Section        0  _printf_percent.o(.ARM.Collect$$_printf_percent$$00000000)
    .ARM.Collect$$_printf_percent$$00000014  0x000001ac   Section        8  _printf_s.o(.ARM.Collect$$_printf_percent$$00000014)
    .ARM.Collect$$_printf_percent$$00000017  0x000001b4   Section        8  _printf_percent_end.o(.ARM.Collect$$_printf_percent$$00000017)
    .ARM.Collect$$libinit$$00000000          0x000001c4   Section        6  libinit.o(.ARM.Collect$$libinit$$00000000)
    .ARM.Collect$$libinit$$00000006          0x000001ca   Section        0  libinit2.o(.ARM.Collect$$libinit$$00000006)
    .ARM.Collect$$libinit$$00000008          0x000001ca   Section        0  libinit2.o(.ARM.Collect$$libinit$$00000008)
    .ARM.Collect$$libinit$$00000009          0x000001ca   Section        4  libinit2.o(.ARM.Collect$$libinit$$00000009)
    .ARM.Collect$$libinit$$0000000A          0x000001ce   Section        0  libinit2.o(.ARM.Collect$$libinit$$0000000A)
    .ARM.Collect$$libinit$$0000000D          0x000001ce   Section        0  libinit2.o(.ARM.Collect$$libinit$$0000000D)
    .ARM.Collect$$libinit$$0000000F          0x000001ce   Section        0  libinit2.o(.ARM.Collect$$libinit$$0000000F)
    .ARM.Collect$$libinit$$00000011          0x000001ce   Section        0  libinit2.o(.ARM.Collect$$libinit$$00000011)
    .ARM.Collect$$libinit$$00000013          0x000001ce   Section        0  libinit2.o(.ARM.Collect$$libinit$$00000013)
    .ARM.Collect$$libinit$$00000015          0x000001ce   Section        0  libinit2.o(.ARM.Collect$$libinit$$00000015)
    .ARM.Collect$$libinit$$00000017          0x000001ce   Section        0  libinit2.o(.ARM.Collect$$libinit$$00000017)
    .ARM.Collect$$libinit$$00000019          0x000001ce   Section        0  libinit2.o(.ARM.Collect$$libinit$$00000019)
    .ARM.Collect$$libinit$$0000001B          0x000001ce   Section        0  libinit2.o(.ARM.Collect$$libinit$$0000001B)
    .ARM.Collect$$libinit$$0000001D          0x000001ce   Section        0  libinit2.o(.ARM.Collect$$libinit$$0000001D)
    .ARM.Collect$$libinit$$0000001F          0x000001ce   Section        0  libinit2.o(.ARM.Collect$$libinit$$0000001F)
    .ARM.Collect$$libinit$$00000021          0x000001ce   Section        0  libinit2.o(.ARM.Collect$$libinit$$00000021)
    .ARM.Collect$$libinit$$00000028          0x000001ce   Section        0  libinit2.o(.ARM.Collect$$libinit$$00000028)
    .ARM.Collect$$libinit$$0000002A          0x000001ce   Section        0  libinit2.o(.ARM.Collect$$libinit$$0000002A)
    .ARM.Collect$$libinit$$0000002C          0x000001ce   Section        0  libinit2.o(.ARM.Collect$$libinit$$0000002C)
    .ARM.Collect$$libinit$$0000002E          0x000001ce   Section        0  libinit2.o(.ARM.Collect$$libinit$$0000002E)
    .ARM.Collect$$libinit$$0000002F          0x000001ce   Section       12  libinit2.o(.ARM.Collect$$libinit$$0000002F)
    .ARM.Collect$$libshutdown$$00000000      0x000001e4   Section        4  libshutdown.o(.ARM.Collect$$libshutdown$$00000000)
    .ARM.Collect$$libshutdown$$00000003      0x000001e8   Section        0  libshutdown2.o(.ARM.Collect$$libshutdown$$00000003)
    .ARM.Collect$$libshutdown$$00000006      0x000001e8   Section        0  libshutdown2.o(.ARM.Collect$$libshutdown$$00000006)
    .ARM.Collect$$libshutdown$$00000009      0x000001e8   Section        0  libshutdown2.o(.ARM.Collect$$libshutdown$$00000009)
    .ARM.Collect$$libshutdown$$0000000B      0x000001e8   Section        0  libshutdown2.o(.ARM.Collect$$libshutdown$$0000000B)
    .ARM.Collect$$libshutdown$$0000000E      0x000001e8   Section        0  libshutdown2.o(.ARM.Collect$$libshutdown$$0000000E)
    .ARM.Collect$$libshutdown$$0000000F      0x000001e8   Section        6  libshutdown2.o(.ARM.Collect$$libshutdown$$0000000F)
    .ARM.Collect$$rtentry$$00000000          0x000001f0   Section        0  rtentry.o(.ARM.Collect$$rtentry$$00000000)
    .ARM.Collect$$rtentry$$00000002          0x000001f0   Section        0  rtentry2.o(.ARM.Collect$$rtentry$$00000002)
    .ARM.Collect$$rtentry$$00000004          0x000001f0   Section        8  rtentry4.o(.ARM.Collect$$rtentry$$00000004)
    .ARM.Collect$$rtentry$$00000009          0x000001f8   Section        0  rtentry2.o(.ARM.Collect$$rtentry$$00000009)
    .ARM.Collect$$rtentry$$0000000A          0x000001f8   Section        4  rtentry2.o(.ARM.Collect$$rtentry$$0000000A)
    .ARM.Collect$$rtentry$$0000000C          0x000001fc   Section        0  rtentry2.o(.ARM.Collect$$rtentry$$0000000C)
    .ARM.Collect$$rtentry$$0000000D          0x000001fc   Section       40  rtentry2.o(.ARM.Collect$$rtentry$$0000000D)
    .ARM.Collect$$rtexit$$00000000           0x00000228   Section        4  rtexit.o(.ARM.Collect$$rtexit$$00000000)
    .ARM.Collect$$rtexit$$00000002           0x0000022c   Section        0  rtexit2.o(.ARM.Collect$$rtexit$$00000002)
    .ARM.Collect$$rtexit$$00000003           0x0000022c   Section        4  rtexit2.o(.ARM.Collect$$rtexit$$00000003)
    .ARM.Collect$$rtexit$$00000004           0x00000230   Section        8  rtexit2.o(.ARM.Collect$$rtexit$$00000004)
    .emb_text                                0x00000240   Section       56  rand.o(.emb_text)
    .text                                    0x00000278   Section       32  startup.o(.text)
    .text                                    0x00000298   Section        0  p1.o(.text)
    .text                                    0x000021d8   Section        0  delay.o(.text)
    .text                                    0x000022c8   Section        0  gsm.o(.text)
    .text                                    0x000023e8   Section        0  i2c.o(.text)
    .text                                    0x00002554   Section        0  i2c_eeprom.o(.text)
    .text                                    0x000026f0   Section        0  l293d.o(.text)
    .text                                    0x0000276c   Section        0  lcd.o(.text)
    .text                                    0x000029f8   Section        0  uart0.o(.text)
    .text                                    0x00002b28   Section        0  whole_keypad.o(.text)
    .text                                    0x000031f4   Section        0  noretval__2sprintf.o(.text)
    .text                                    0x0000321c   Section        0  __printf.o(.text)
    .text                                    0x00003294   Section        0  _printf_str.o(.text)
    .text                                    0x000032f4   Section        0  rand.o(.text)
    .text                                    0x0000333c   Section        0  strncat.o(.text)
    .text                                    0x0000336c   Section        0  strcpy.o(.text)
    .text                                    0x000033bc   Section      112  strncpy.o(.text)
    .text                                    0x0000342c   Section      160  strcmp.o(.text)
    .text                                    0x000034cc   Section      384  aeabi_sdiv.o(.text)
    __arm_div8                               0x000034f8   ARM Code       0  aeabi_sdiv.o(.text)
    __arm_div5                               0x0000351c   ARM Code       0  aeabi_sdiv.o(.text)
    __arm_div2                               0x00003540   ARM Code       0  aeabi_sdiv.o(.text)
    __arm_div_large                          0x0000357c   ARM Code       0  aeabi_sdiv.o(.text)
    .text                                    0x0000364c   Section        0  heapauxi.o(.text)
    .text                                    0x00003654   Section        0  _printf_char_common.o(.text)
    _printf_input_char                       0x00003655   Thumb Code    10  _printf_char_common.o(.text)
    .text                                    0x00003684   Section        0  _sputc.o(.text)
    .text                                    0x00003698   Section        0  _printf_char.o(.text)
    .text                                    0x000036cc   Section       64  rt_memclr.o(.text)
    .text                                    0x0000370c   Section       84  rt_memclr_w.o(.text)
    .text                                    0x00003760   Section       96  sys_stackheap_outer.o(.text)
    .text                                    0x000037c0   Section        0  exit.o(.text)
    .text                                    0x000037cc   Section       12  libspace.o(.text)
    .text                                    0x000037e0   Section        0  sys_exit.o(.text)
    .text                                    0x000037ec   Section        4  use_no_semi.o(.text)
    .text                                    0x000037f0   Section        0  indicate_semi.o(.text)
    .text                                    0x000037f0   Section       12  rt_fp_status_addr_intlibspace.o(.text)
    .text_udiv                               0x000037fc   Section       36  aeabi_sdiv.o(.text_udiv)
    i.__ARM_common_call_via_r1               0x00003820   Section        0  __printf.o(i.__ARM_common_call_via_r1)
    i.__ARM_common_call_via_r2               0x00003822   Section        0  __printf.o(i.__ARM_common_call_via_r2)
    x$fpl$fpinit                             0x00003828   Section       24  fpinit.o(x$fpl$fpinit)
    .constdata                               0x00003840   Section        4  p1.o(.constdata)
    .data                                    0x40000000   Section       33  p1.o(.data)
    .data                                    0x40000021   Section       15  gsm.o(.data)
    .data                                    0x40000030   Section      152  whole_keypad.o(.data)
    .bss                                     0x400000c8   Section      100  p1.o(.bss)
    .bss                                     0x4000012c   Section      120  whole_keypad.o(.bss)
    .bss                                     0x400001a4   Section      228  rand.o(.bss)
    .bss                                     0x40000288   Section       96  libspace.o(.bss)
    HEAP                                     0x400002e8   Section        0  startup.o(HEAP)
    STACK                                    0x400002e8   Section     1160  startup.o(STACK)
    Heap_Mem                                 0x400002e8   Data           0  startup.o(HEAP)
    Stack_Mem                                0x400002e8   Data        1024  startup.o(STACK)
    Stack_Top                                0x40000770   Data           0  startup.o(STACK)

    Global Symbols

    Symbol Name                              Value     Ov Type        Size  Object(Section)

    BuildAttributes$$THM_ISAv1$ARM_ISAv4$S$PE$A:L22$X:L11$S22$IEEE1$IW$USESV6$~STKCKD$USESV7$~SHL$OSPACE$ROPI$EBA8$UX$STANDARDLIB$REQ8$PRES8$EABIv2 0x00000000   Number         0  anon$$obj.o ABSOLUTE
    __ARM_use_no_argv                        0x00000000   Number         0  p1.o ABSOLUTE
    __ARM_exceptions_init                     - Undefined Weak Reference
    __alloca_initialize                       - Undefined Weak Reference
    __cpp_initialize__aeabi_                  - Undefined Weak Reference
    __cxa_finalize                            - Undefined Weak Reference
    __rt_locale                               - Undefined Weak Reference
    __sigvec_lookup                           - Undefined Weak Reference
    _atexit_init                              - Undefined Weak Reference
    _call_atexit_fns                          - Undefined Weak Reference
    _clock_init                               - Undefined Weak Reference
    _fp_trap_init                             - Undefined Weak Reference
    _fp_trap_shutdown                         - Undefined Weak Reference
    _get_lc_collate                           - Undefined Weak Reference
    _get_lc_ctype                             - Undefined Weak Reference
    _get_lc_monetary                          - Undefined Weak Reference
    _get_lc_numeric                           - Undefined Weak Reference
    _get_lc_time                              - Undefined Weak Reference
    _getenv_init                              - Undefined Weak Reference
    _handle_redirection                       - Undefined Weak Reference
    _init_alloc                               - Undefined Weak Reference
    _init_user_alloc                          - Undefined Weak Reference
    _initio                                   - Undefined Weak Reference
    _printf_mbtowc                            - Undefined Weak Reference
    _printf_post_padding                      - Undefined Weak Reference
    _printf_pre_padding                       - Undefined Weak Reference
    _signal_finish                            - Undefined Weak Reference
    _signal_init                              - Undefined Weak Reference
    _terminate_alloc                          - Undefined Weak Reference
    _terminate_user_alloc                     - Undefined Weak Reference
    _terminateio                              - Undefined Weak Reference
    Reset_Handler                            0x00000058   ARM Code       0  startup.o(RESET)
    __main                                   0x00000110   ARM Code       8  __main.o(!!!main)
    __scatterload                            0x00000118   ARM Code       0  __scatter.o(!!!scatter)
    __scatterload_rt2                        0x00000118   ARM Code      52  __scatter.o(!!!scatter)
    __scatterload_null                       0x0000012c   ARM Code       0  __scatter.o(!!!scatter)
    __scatterload_copy                       0x00000154   ARM Code      40  __scatter_copy.o(!!handler_copy)
    __scatterload_zeroinit                   0x0000017c   ARM Code      44  __scatter_zi.o(!!handler_zi)
    Inline Thumb to ARM Veneer to _printf_percent 0x000001a9   Thumb Code     4  _printf_percent.o(.ARM.Collect$$_printf_percent$$00000000)
    _printf_percent                          0x000001ac   ARM Code       0  _printf_percent.o(.ARM.Collect$$_printf_percent$$00000000)
    _printf_s                                0x000001ac   ARM Code       0  _printf_s.o(.ARM.Collect$$_printf_percent$$00000014)
    _printf_percent_end                      0x000001b4   ARM Code       0  _printf_percent_end.o(.ARM.Collect$$_printf_percent$$00000017)
    Inline ARM to Thumb Veneer to __rt_lib_init 0x000001bc   ARM Code       8  libinit.o(.ARM.Collect$$libinit$$00000000)
    __rt_lib_init                            0x000001c5   Thumb Code     0  libinit.o(.ARM.Collect$$libinit$$00000000)
    __rt_lib_init_heap_1                     0x000001cb   Thumb Code     0  libinit2.o(.ARM.Collect$$libinit$$00000006)
    __rt_lib_init_rand_2                     0x000001cb   Thumb Code     0  libinit2.o(.ARM.Collect$$libinit$$00000009)
    __rt_lib_init_user_alloc_1               0x000001cb   Thumb Code     0  libinit2.o(.ARM.Collect$$libinit$$00000008)
    __rt_lib_init_alloca_1                   0x000001cf   Thumb Code     0  libinit2.o(.ARM.Collect$$libinit$$0000002A)
    __rt_lib_init_argv_1                     0x000001cf   Thumb Code     0  libinit2.o(.ARM.Collect$$libinit$$00000028)
    __rt_lib_init_atexit_1                   0x000001cf   Thumb Code     0  libinit2.o(.ARM.Collect$$libinit$$00000017)
    __rt_lib_init_clock_1                    0x000001cf   Thumb Code     0  libinit2.o(.ARM.Collect$$libinit$$0000001D)
    __rt_lib_init_cpp_1                      0x000001cf   Thumb Code     0  libinit2.o(.ARM.Collect$$libinit$$0000002E)
    __rt_lib_init_exceptions_1               0x000001cf   Thumb Code     0  libinit2.o(.ARM.Collect$$libinit$$0000002C)
    __rt_lib_init_fp_trap_1                  0x000001cf   Thumb Code     0  libinit2.o(.ARM.Collect$$libinit$$0000001B)
    __rt_lib_init_getenv_1                   0x000001cf   Thumb Code     0  libinit2.o(.ARM.Collect$$libinit$$0000001F)
    __rt_lib_init_lc_collate_1               0x000001cf   Thumb Code     0  libinit2.o(.ARM.Collect$$libinit$$0000000D)
    __rt_lib_init_lc_ctype_1                 0x000001cf   Thumb Code     0  libinit2.o(.ARM.Collect$$libinit$$0000000F)
    __rt_lib_init_lc_monetary_1              0x000001cf   Thumb Code     0  libinit2.o(.ARM.Collect$$libinit$$00000011)
    __rt_lib_init_lc_numeric_1               0x000001cf   Thumb Code     0  libinit2.o(.ARM.Collect$$libinit$$00000013)
    __rt_lib_init_lc_time_1                  0x000001cf   Thumb Code     0  libinit2.o(.ARM.Collect$$libinit$$00000015)
    __rt_lib_init_rand_1                     0x000001cf   Thumb Code     0  libinit2.o(.ARM.Collect$$libinit$$0000000A)
    __rt_lib_init_return                     0x000001cf   Thumb Code     0  libinit2.o(.ARM.Collect$$libinit$$0000002F)
    __rt_lib_init_signal_1                   0x000001cf   Thumb Code     0  libinit2.o(.ARM.Collect$$libinit$$00000019)
    __rt_lib_init_stdio_1                    0x000001cf   Thumb Code     0  libinit2.o(.ARM.Collect$$libinit$$00000021)
    Inline ARM to Thumb Veneer to __rt_lib_shutdown 0x000001dc   ARM Code       8  libshutdown.o(.ARM.Collect$$libshutdown$$00000000)
    __rt_lib_shutdown                        0x000001e5   Thumb Code     0  libshutdown.o(.ARM.Collect$$libshutdown$$00000000)
    __rt_lib_shutdown_fp_trap_1              0x000001e9   Thumb Code     0  libshutdown2.o(.ARM.Collect$$libshutdown$$00000006)
    __rt_lib_shutdown_heap_1                 0x000001e9   Thumb Code     0  libshutdown2.o(.ARM.Collect$$libshutdown$$0000000E)
    __rt_lib_shutdown_return                 0x000001e9   Thumb Code     0  libshutdown2.o(.ARM.Collect$$libshutdown$$0000000F)
    __rt_lib_shutdown_signal_1               0x000001e9   Thumb Code     0  libshutdown2.o(.ARM.Collect$$libshutdown$$00000009)
    __rt_lib_shutdown_stdio_1                0x000001e9   Thumb Code     0  libshutdown2.o(.ARM.Collect$$libshutdown$$00000003)
    __rt_lib_shutdown_user_alloc_1           0x000001e9   Thumb Code     0  libshutdown2.o(.ARM.Collect$$libshutdown$$0000000B)
    __rt_entry                               0x000001f0   ARM Code       0  rtentry.o(.ARM.Collect$$rtentry$$00000000)
    __rt_entry_presh_1                       0x000001f0   ARM Code       0  rtentry2.o(.ARM.Collect$$rtentry$$00000002)
    __rt_entry_sh                            0x000001f0   ARM Code       0  rtentry4.o(.ARM.Collect$$rtentry$$00000004)
    __rt_entry_li                            0x000001f8   ARM Code       0  rtentry2.o(.ARM.Collect$$rtentry$$0000000A)
    __rt_entry_postsh_1                      0x000001f8   ARM Code       0  rtentry2.o(.ARM.Collect$$rtentry$$00000009)
    __rt_entry_main                          0x000001fc   ARM Code       0  rtentry2.o(.ARM.Collect$$rtentry$$0000000D)
    __rt_entry_postli_1                      0x000001fc   ARM Code       0  rtentry2.o(.ARM.Collect$$rtentry$$0000000C)
    Inline Thumb to ARM Veneer to __rt_exit  0x00000225   Thumb Code     4  rtexit.o(.ARM.Collect$$rtexit$$00000000)
    __rt_exit                                0x00000228   ARM Code       0  rtexit.o(.ARM.Collect$$rtexit$$00000000)
    __rt_exit_ls                             0x0000022c   ARM Code       0  rtexit2.o(.ARM.Collect$$rtexit$$00000003)
    __rt_exit_prels_1                        0x0000022c   ARM Code       0  rtexit2.o(.ARM.Collect$$rtexit$$00000002)
    __rt_exit_exit                           0x00000230   ARM Code       0  rtexit2.o(.ARM.Collect$$rtexit$$00000004)
    Inline ARM to Thumb Veneer to rand       0x00000238   ARM Code       8  rand.o(.emb_text)
    rand                                     0x00000241   Thumb Code    52  rand.o(.emb_text)
    __user_initial_stackheap                 0x00000278   ARM Code       0  startup.o(.text)
    DATA_ERROR                               0x00000298   ARM Code      56  p1.o(.text)
    PH_NO_WRITE_EEPROM                       0x000002d0   ARM Code     192  p1.o(.text)
    USER_LOGIN                               0x00000390   ARM Code    1152  p1.o(.text)
    ADMIN_LOGIN                              0x00000810   ARM Code    3876  p1.o(.text)
    INIT_SETUP                               0x00001734   ARM Code    2240  p1.o(.text)
    main                                     0x00001ff4   ARM Code     448  p1.o(.text)
    millis                                   0x000021d8   ARM Code      32  delay.o(.text)
    delay_micro                              0x000021f8   ARM Code      64  delay.o(.text)
    delay_milli                              0x00002238   ARM Code      64  delay.o(.text)
    delay_sec                                0x00002278   ARM Code      64  delay.o(.text)
    GSM_SMS                                  0x000022c8   ARM Code     128  gsm.o(.text)
    GSM_OTP                                  0x00002348   ARM Code     112  gsm.o(.text)
    I2C_INIT                                 0x000023e8   ARM Code      48  i2c.o(.text)
    I2C_START                                0x00002418   ARM Code      52  i2c.o(.text)
    I2C_RESTART                              0x0000244c   ARM Code      60  i2c.o(.text)
    I2C_STOP                                 0x00002488   ARM Code      24  i2c.o(.text)
    I2C_WRITE                                0x000024a0   ARM Code      48  i2c.o(.text)
    I2C_NACK                                 0x000024d0   ARM Code      56  i2c.o(.text)
    I2C_MASTERACK                            0x00002508   ARM Code      68  i2c.o(.text)
    I2C_EEPROM_WRITE                         0x00002554   ARM Code      72  i2c_eeprom.o(.text)
    I2C_EEPROM_READ                          0x0000259c   ARM Code      84  i2c_eeprom.o(.text)
    I2C_EEPROM_PAGE_WRITE                    0x000025f0   ARM Code     100  i2c_eeprom.o(.text)
    I2C_EEPROM_PAGE_READ                     0x00002654   ARM Code     156  i2c_eeprom.o(.text)
    L293D_INIT                               0x000026f0   ARM Code      24  l293d.o(.text)
    DOOR_OPEN                                0x00002708   ARM Code      32  l293d.o(.text)
    DOOR_CLOSE                               0x00002728   ARM Code      32  l293d.o(.text)
    DOOR_IDLE                                0x00002748   ARM Code      32  l293d.o(.text)
    LCD_COMMAND                              0x0000276c   ARM Code     132  lcd.o(.text)
    LCD_INIT                                 0x000027f0   ARM Code      72  lcd.o(.text)
    LCD_DATA                                 0x00002838   ARM Code     132  lcd.o(.text)
    LCD_INTEGER                              0x000028bc   ARM Code     136  lcd.o(.text)
    LCD_STR                                  0x00002944   ARM Code      40  lcd.o(.text)
    LCD_SCROLL                               0x0000296c   ARM Code     136  lcd.o(.text)
    UART0_INIT                               0x000029f8   ARM Code      52  uart0.o(.text)
    UART0_TX                                 0x00002a2c   ARM Code      36  uart0.o(.text)
    UART0_RX                                 0x00002a50   ARM Code      32  uart0.o(.text)
    UART0_STR                                0x00002a70   ARM Code      40  uart0.o(.text)
    UART0_INTEGER                            0x00002a98   ARM Code     136  uart0.o(.text)
    KEYPAD_INIT                              0x00002b28   ARM Code      68  whole_keypad.o(.text)
    keypad                                   0x00002b6c   ARM Code     124  whole_keypad.o(.text)
    ALPHA_KEY                                0x00002be8   ARM Code     896  whole_keypad.o(.text)
    NUM_KEY                                  0x00002f68   ARM Code     644  whole_keypad.o(.text)
    Inline ARM to Thumb Veneer to __2sprintf 0x000031ec   ARM Code       8  noretval__2sprintf.o(.text)
    __2sprintf                               0x000031f5   Thumb Code    36  noretval__2sprintf.o(.text)
    __printf                                 0x0000321d   Thumb Code   120  __printf.o(.text)
    _printf_str                              0x00003295   Thumb Code    88  _printf_str.o(.text)
    Inline ARM to Thumb Veneer to srand      0x000032ec   ARM Code       8  rand.o(.text)
    srand                                    0x000032f5   Thumb Code    48  rand.o(.text)
    _rand_init                               0x00003325   Thumb Code     4  rand.o(.text)
    Inline ARM to Thumb Veneer to strncat    0x00003334   ARM Code       8  strncat.o(.text)
    strncat                                  0x0000333d   Thumb Code    38  strncat.o(.text)
    Inline ARM to Thumb Veneer to strcpy     0x00003364   ARM Code       8  strcpy.o(.text)
    strcpy                                   0x0000336d   Thumb Code    74  strcpy.o(.text)
    strncpy                                  0x000033bc   ARM Code     108  strncpy.o(.text)
    strcmp                                   0x0000342c   ARM Code     156  strcmp.o(.text)
    __aeabi_idiv                             0x000034cc   ARM Code       0  aeabi_sdiv.o(.text)
    __aeabi_idivmod                          0x000034cc   ARM Code     384  aeabi_sdiv.o(.text)
    __use_two_region_memory                  0x0000364d   Thumb Code     2  heapauxi.o(.text)
    __rt_heap_escrow$2region                 0x0000364f   Thumb Code     2  heapauxi.o(.text)
    __rt_heap_expand$2region                 0x00003651   Thumb Code     2  heapauxi.o(.text)
    _printf_char_common                      0x0000365f   Thumb Code    34  _printf_char_common.o(.text)
    _sputc                                   0x00003685   Thumb Code    10  _sputc.o(.text)
    Inline ARM to Thumb Veneer to _printf_string 0x00003690   ARM Code       8  _printf_char.o(.text)
    _printf_cs_common                        0x00003699   Thumb Code    26  _printf_char.o(.text)
    _printf_char                             0x000036b3   Thumb Code    16  _printf_char.o(.text)
    _printf_string                           0x000036c3   Thumb Code     8  _printf_char.o(.text)
    __aeabi_memclr                           0x000036cc   ARM Code       0  rt_memclr.o(.text)
    __rt_memclr                              0x000036cc   ARM Code      64  rt_memclr.o(.text)
    _memset                                  0x000036d0   ARM Code       0  rt_memclr.o(.text)
    __aeabi_memclr4                          0x0000370c   ARM Code       0  rt_memclr_w.o(.text)
    __aeabi_memclr8                          0x0000370c   ARM Code       0  rt_memclr_w.o(.text)
    __rt_memclr_w                            0x0000370c   ARM Code      84  rt_memclr_w.o(.text)
    _memset_w                                0x00003710   ARM Code       0  rt_memclr_w.o(.text)
    __user_setup_stackheap                   0x00003760   ARM Code      96  sys_stackheap_outer.o(.text)
    exit                                     0x000037c1   Thumb Code    12  exit.o(.text)
    __user_libspace                          0x000037cc   ARM Code      12  libspace.o(.text)
    __user_perproc_libspace                  0x000037cc   ARM Code       0  libspace.o(.text)
    __user_perthread_libspace                0x000037cc   ARM Code       0  libspace.o(.text)
    Inline ARM to Thumb Veneer to _sys_exit  0x000037d8   ARM Code       8  sys_exit.o(.text)
    _sys_exit                                0x000037e1   Thumb Code     8  sys_exit.o(.text)
    __I$use$semihosting                      0x000037ec   ARM Code       0  use_no_semi.o(.text)
    __use_no_semihosting_swi                 0x000037ec   ARM Code       4  use_no_semi.o(.text)
    __rt_fp_status_addr                      0x000037f0   ARM Code      12  rt_fp_status_addr_intlibspace.o(.text)
    __semihosting_library_function           0x000037f0   ARM Code       0  indicate_semi.o(.text)
    __aeabi_uidiv                            0x000037fc   ARM Code       0  aeabi_sdiv.o(.text_udiv)
    __aeabi_uidivmod                         0x000037fc   ARM Code      36  aeabi_sdiv.o(.text_udiv)
    __ARM_common_call_via_r1                 0x00003821   Thumb Code     2  __printf.o(i.__ARM_common_call_via_r1)
    __ARM_common_call_via_r2                 0x00003823   Thumb Code     2  __printf.o(i.__ARM_common_call_via_r2)
    Inline Thumb to ARM Veneer to _fp_init   0x00003825   Thumb Code     4  fpinit.o(x$fpl$fpinit)
    _fp_init                                 0x00003828   ARM Code      24  fpinit.o(x$fpl$fpinit)
    __fplib_config_pureend_doubles           0x00003838   ARM Code       0  fpinit.o(x$fpl$fpinit)
    defaut_num                               0x00003840   Data           4  p1.o(.constdata)
    Region$$Table$$Base                      0x00003844   Number         0  anon$$obj.o(Region$$Table)
    Region$$Table$$Limit                     0x00003864   Number         0  anon$$obj.o(Region$$Table)
    pwd_reg                                  0x40000000   Data           4  p1.o(.data)
    ph_reg                                   0x40000004   Data           4  p1.o(.data)
    pwd_fail                                 0x40000008   Data           4  p1.o(.data)
    otp_fail                                 0x4000000c   Data           4  p1.o(.data)
    admin_delay                              0x40000010   Data           4  p1.o(.data)
    otp                                      0x40000014   Data           5  p1.o(.data)
    init_val                                 0x4000001c   Data           4  p1.o(.data)
    i                                        0x40000020   Data           1  p1.o(.data)
    NUM                                      0x40000021   Data          15  gsm.o(.data)
    c                                        0x40000030   Data          12  whole_keypad.o(.data)
    r                                        0x4000003c   Data          16  whole_keypad.o(.data)
    key                                      0x4000004c   Data          64  whole_keypad.o(.data)
    ch                                       0x4000008c   Data          48  whole_keypad.o(.data)
    num                                      0x400000bc   Data          12  whole_keypad.o(.data)
    str                                      0x400000c8   Data         100  p1.o(.bss)
    num_key                                  0x4000012c   Data          20  whole_keypad.o(.bss)
    str_key                                  0x40000140   Data         100  whole_keypad.o(.bss)
    _random_number_data                      0x400001a4   Data         228  rand.o(.bss)
    __libspace_start                         0x40000288   Data          96  libspace.o(.bss)
    __temporary_stack_top$libspace           0x400002e8   Data           0  libspace.o(.bss)



==============================================================================

Memory Map of the image

  Image Entry point : 0x00000110

  Load Region LR_IROM1 (Base: 0x00000000, Size: 0x0000392c, Max: 0x00040000, ABSOLUTE)

    Execution Region ER_IROM1 (Base: 0x00000000, Size: 0x00003864, Max: 0x00040000, ABSOLUTE)

    Base Addr    Size         Type   Attr      Idx    E Section Name        Object

    0x00000000   0x00000110   Code   RO            3    RESET               startup.o
    0x00000110   0x00000008   Code   RO          258  * !!!main             c_t.l(__main.o)
    0x00000118   0x0000003c   Code   RO          442    !!!scatter          c_t.l(__scatter.o)
    0x00000154   0x00000028   Code   RO          444    !!handler_copy      c_t.l(__scatter_copy.o)
    0x0000017c   0x0000002c   Code   RO          446    !!handler_zi        c_t.l(__scatter_zi.o)
    0x000001a8   0x00000004   Ven    RO          226    .ARM.Collect$$_printf_percent$$00000000  c_t.l(_printf_percent.o)
    0x000001ac   0x00000000   Code   RO          226    .ARM.Collect$$_printf_percent$$00000000  c_t.l(_printf_percent.o)
    0x000001ac   0x00000008   Code   RO          225    .ARM.Collect$$_printf_percent$$00000014  c_t.l(_printf_s.o)
    0x000001b4   0x00000008   Code   RO          271    .ARM.Collect$$_printf_percent$$00000017  c_t.l(_printf_percent_end.o)
    0x000001bc   0x00000008   Ven    RO          359    .ARM.Collect$$libinit$$00000000  c_t.l(libinit.o)
    0x000001c4   0x00000006   Code   RO          359    .ARM.Collect$$libinit$$00000000  c_t.l(libinit.o)
    0x000001ca   0x00000000   Code   RO          276    .ARM.Collect$$libinit$$00000006  c_t.l(libinit2.o)
    0x000001ca   0x00000000   Code   RO          278    .ARM.Collect$$libinit$$00000008  c_t.l(libinit2.o)
    0x000001ca   0x00000004   Code   RO          279    .ARM.Collect$$libinit$$00000009  c_t.l(libinit2.o)
    0x000001ce   0x00000000   Code   RO          280    .ARM.Collect$$libinit$$0000000A  c_t.l(libinit2.o)
    0x000001ce   0x00000000   Code   RO          283    .ARM.Collect$$libinit$$0000000D  c_t.l(libinit2.o)
    0x000001ce   0x00000000   Code   RO          285    .ARM.Collect$$libinit$$0000000F  c_t.l(libinit2.o)
    0x000001ce   0x00000000   Code   RO          287    .ARM.Collect$$libinit$$00000011  c_t.l(libinit2.o)
    0x000001ce   0x00000000   Code   RO          289    .ARM.Collect$$libinit$$00000013  c_t.l(libinit2.o)
    0x000001ce   0x00000000   Code   RO          291    .ARM.Collect$$libinit$$00000015  c_t.l(libinit2.o)
    0x000001ce   0x00000000   Code   RO          293    .ARM.Collect$$libinit$$00000017  c_t.l(libinit2.o)
    0x000001ce   0x00000000   Code   RO          295    .ARM.Collect$$libinit$$00000019  c_t.l(libinit2.o)
    0x000001ce   0x00000000   Code   RO          297    .ARM.Collect$$libinit$$0000001B  c_t.l(libinit2.o)
    0x000001ce   0x00000000   Code   RO          299    .ARM.Collect$$libinit$$0000001D  c_t.l(libinit2.o)
    0x000001ce   0x00000000   Code   RO          301    .ARM.Collect$$libinit$$0000001F  c_t.l(libinit2.o)
    0x000001ce   0x00000000   Code   RO          303    .ARM.Collect$$libinit$$00000021  c_t.l(libinit2.o)
    0x000001ce   0x00000000   Code   RO          307    .ARM.Collect$$libinit$$00000028  c_t.l(libinit2.o)
    0x000001ce   0x00000000   Code   RO          309    .ARM.Collect$$libinit$$0000002A  c_t.l(libinit2.o)
    0x000001ce   0x00000000   Code   RO          311    .ARM.Collect$$libinit$$0000002C  c_t.l(libinit2.o)
    0x000001ce   0x00000000   Code   RO          313    .ARM.Collect$$libinit$$0000002E  c_t.l(libinit2.o)
    0x000001ce   0x0000000c   Code   RO          314    .ARM.Collect$$libinit$$0000002F  c_t.l(libinit2.o)
    0x000001da   0x00000002   PAD
    0x000001dc   0x00000008   Ven    RO          410    .ARM.Collect$$libshutdown$$00000000  c_t.l(libshutdown.o)
    0x000001e4   0x00000004   Code   RO          410    .ARM.Collect$$libshutdown$$00000000  c_t.l(libshutdown.o)
    0x000001e8   0x00000000   Code   RO          427    .ARM.Collect$$libshutdown$$00000003  c_t.l(libshutdown2.o)
    0x000001e8   0x00000000   Code   RO          430    .ARM.Collect$$libshutdown$$00000006  c_t.l(libshutdown2.o)
    0x000001e8   0x00000000   Code   RO          433    .ARM.Collect$$libshutdown$$00000009  c_t.l(libshutdown2.o)
    0x000001e8   0x00000000   Code   RO          435    .ARM.Collect$$libshutdown$$0000000B  c_t.l(libshutdown2.o)
    0x000001e8   0x00000000   Code   RO          438    .ARM.Collect$$libshutdown$$0000000E  c_t.l(libshutdown2.o)
    0x000001e8   0x00000006   Code   RO          439    .ARM.Collect$$libshutdown$$0000000F  c_t.l(libshutdown2.o)
    0x000001ee   0x00000002   PAD
    0x000001f0   0x00000000   Code   RO          260    .ARM.Collect$$rtentry$$00000000  c_t.l(rtentry.o)
    0x000001f0   0x00000000   Code   RO          316    .ARM.Collect$$rtentry$$00000002  c_t.l(rtentry2.o)
    0x000001f0   0x00000008   Code   RO          328    .ARM.Collect$$rtentry$$00000004  c_t.l(rtentry4.o)
    0x000001f8   0x00000000   Code   RO          318    .ARM.Collect$$rtentry$$00000009  c_t.l(rtentry2.o)
    0x000001f8   0x00000004   Code   RO          319    .ARM.Collect$$rtentry$$0000000A  c_t.l(rtentry2.o)
    0x000001fc   0x00000000   Code   RO          321    .ARM.Collect$$rtentry$$0000000C  c_t.l(rtentry2.o)
    0x000001fc   0x00000028   Code   RO          322    .ARM.Collect$$rtentry$$0000000D  c_t.l(rtentry2.o)
    0x00000224   0x00000004   Ven    RO          365    .ARM.Collect$$rtexit$$00000000  c_t.l(rtexit.o)
    0x00000228   0x00000004   Code   RO          365    .ARM.Collect$$rtexit$$00000000  c_t.l(rtexit.o)
    0x0000022c   0x00000000   Code   RO          387    .ARM.Collect$$rtexit$$00000002  c_t.l(rtexit2.o)
    0x0000022c   0x00000004   Code   RO          388    .ARM.Collect$$rtexit$$00000003  c_t.l(rtexit2.o)
    0x00000230   0x00000008   Code   RO          389    .ARM.Collect$$rtexit$$00000004  c_t.l(rtexit2.o)
    0x00000238   0x00000008   Ven    RO          227    .emb_text           c_t.l(rand.o)
    0x00000240   0x00000038   Code   RO          227    .emb_text           c_t.l(rand.o)
    0x00000278   0x00000020   Code   RO            4    .text               startup.o
    0x00000298   0x00001f40   Code   RO           11    .text               p1.o
    0x000021d8   0x000000f0   Code   RO           69    .text               delay.o
    0x000022c8   0x00000120   Code   RO           84    .text               gsm.o
    0x000023e8   0x0000016c   Code   RO          104    .text               i2c.o
    0x00002554   0x0000019c   Code   RO          116    .text               i2c_eeprom.o
    0x000026f0   0x0000007c   Code   RO          133    .text               l293d.o
    0x0000276c   0x0000028c   Code   RO          145    .text               lcd.o
    0x000029f8   0x00000130   Code   RO          160    .text               uart0.o
    0x00002b28   0x000006c4   Code   RO          175    .text               whole_keypad.o
    0x000031ec   0x00000008   Ven    RO          195    .text               c_t.l(noretval__2sprintf.o)
    0x000031f4   0x00000028   Code   RO          195    .text               c_t.l(noretval__2sprintf.o)
    0x0000321c   0x00000078   Code   RO          197    .text               c_t.l(__printf.o)
    0x00003294   0x00000058   Code   RO          203    .text               c_t.l(_printf_str.o)
    0x000032ec   0x00000008   Ven    RO          228    .text               c_t.l(rand.o)
    0x000032f4   0x00000040   Code   RO          228    .text               c_t.l(rand.o)
    0x00003334   0x00000008   Ven    RO          232    .text               c_t.l(strncat.o)
    0x0000333c   0x00000026   Code   RO          232    .text               c_t.l(strncat.o)
    0x00003362   0x00000002   PAD
    0x00003364   0x00000008   Ven    RO          234    .text               c_t.l(strcpy.o)
    0x0000336c   0x00000050   Code   RO          234    .text               c_t.l(strcpy.o)
    0x000033bc   0x00000070   Code   RO          236    .text               c_t.l(strncpy.o)
    0x0000342c   0x000000a0   Code   RO          238    .text               c_t.l(strcmp.o)
    0x000034cc   0x00000180   Code   RO          240    .text               c_t.l(aeabi_sdiv.o)
    0x0000364c   0x00000006   Code   RO          256    .text               c_t.l(heapauxi.o)
    0x00003652   0x00000002   PAD
    0x00003654   0x00000030   Code   RO          265    .text               c_t.l(_printf_char_common.o)
    0x00003684   0x0000000a   Code   RO          267    .text               c_t.l(_sputc.o)
    0x0000368e   0x00000002   PAD
    0x00003690   0x00000008   Ven    RO          269    .text               c_t.l(_printf_char.o)
    0x00003698   0x00000032   Code   RO          269    .text               c_t.l(_printf_char.o)
    0x000036ca   0x00000002   PAD
    0x000036cc   0x00000040   Code   RO          272    .text               c_t.l(rt_memclr.o)
    0x0000370c   0x00000054   Code   RO          338    .text               c_t.l(rt_memclr_w.o)
    0x00003760   0x00000060   Code   RO          342    .text               c_t.l(sys_stackheap_outer.o)
    0x000037c0   0x0000000c   Code   RO          344    .text               c_t.l(exit.o)
    0x000037cc   0x0000000c   Code   RO          362    .text               c_t.l(libspace.o)
    0x000037d8   0x00000008   Ven    RO          381    .text               c_t.l(sys_exit.o)
    0x000037e0   0x0000000c   Code   RO          381    .text               c_t.l(sys_exit.o)
    0x000037ec   0x00000004   Code   RO          383    .text               c_t.l(use_no_semi.o)
    0x000037f0   0x00000000   Code   RO          385    .text               c_t.l(indicate_semi.o)
    0x000037f0   0x0000000c   Code   RO          396    .text               c_t.l(rt_fp_status_addr_intlibspace.o)
    0x000037fc   0x00000024   Code   RO          241    .text_udiv          c_t.l(aeabi_sdiv.o)
    0x00003820   0x00000002   Code   RO          201    i.__ARM_common_call_via_r1  c_t.l(__printf.o)
    0x00003822   0x00000002   Code   RO          199    i.__ARM_common_call_via_r2  c_t.l(__printf.o)
    0x00003824   0x00000004   Ven    RO          379    x$fpl$fpinit        fz_ts.l(fpinit.o)
    0x00003828   0x00000018   Code   RO          379    x$fpl$fpinit        fz_ts.l(fpinit.o)
    0x00003840   0x00000004   Data   RO           13    .constdata          p1.o
    0x00003844   0x00000020   Data   RO          440    Region$$Table       anon$$obj.o


    Execution Region RW_IRAM1 (Base: 0x40000000, Size: 0x00000770, Max: 0x00004000, ABSOLUTE)

    Base Addr    Size         Type   Attr      Idx    E Section Name        Object

    0x40000000   0x00000021   Data   RW           14    .data               p1.o
    0x40000021   0x0000000f   Data   RW           85    .data               gsm.o
    0x40000030   0x00000098   Data   RW          177    .data               whole_keypad.o
    0x400000c8   0x00000064   Zero   RW           12    .bss                p1.o
    0x4000012c   0x00000078   Zero   RW          176    .bss                whole_keypad.o
    0x400001a4   0x000000e4   Zero   RW          229    .bss                c_t.l(rand.o)
    0x40000288   0x00000060   Zero   RW          363    .bss                c_t.l(libspace.o)
    0x400002e8   0x00000000   Zero   RW            2    HEAP                startup.o
    0x400002e8   0x00000488   Zero   RW            1    STACK               startup.o


==============================================================================

Image component sizes


      Code (inc. data)   RO Data    RW Data    ZI Data      Debug   Object Name

       240         16          0          0          0        915   delay.o
       288         48          0         15          0       1696   gsm.o
       364          8          0          0          0       1175   i2c.o
       412          0          0          0          0       2374   i2c_eeprom.o
       124          4          0          0          0        704   l293d.o
       652          4          0          0          0       1775   lcd.o
      8000       1236          4         33        100       7482   p1.o
       304         60          0          0       1160        612   startup.o
       304          8          0          0          0       1591   uart0.o
      1732         72          0        152        120       3336   whole_keypad.o

    ----------------------------------------------------------------------
     12420       1456         36        200       1380      21660   Object Totals
         0          0         32          0          0          0   (incl. Generated)
         0          0          0          0          0          0   (incl. Padding)

    ----------------------------------------------------------------------

      Code (inc. data)   RO Data    RW Data    ZI Data      Debug   Library Member Name

         8          0          0          0          0         68   __main.o
       124          0          0          0          0        208   __printf.o
        60          8          0          0          0          0   __scatter.o
        40          0          0          0          0          0   __scatter_copy.o
        44          0          0          0          0          0   __scatter_zi.o
        58          0          0          0          0        112   _printf_char.o
        48          4          0          0          0         96   _printf_char_common.o
         4          0          0          0          0          0   _printf_percent.o
         8          0          0          0          0          0   _printf_percent_end.o
         8          0          0          0          0          0   _printf_s.o
        88          0          0          0          0         84   _printf_str.o
        10          0          0          0          0         60   _sputc.o
       420          0          0          0          0        148   aeabi_sdiv.o
        12          0          0          0          0         64   exit.o
         6          0          0          0          0        136   heapauxi.o
         0          0          0          0          0          0   indicate_semi.o
        14          0          0          0          0          0   libinit.o
        16          0          0          0          0          0   libinit2.o
        12          0          0          0          0          0   libshutdown.o
         6          0          0          0          0          0   libshutdown2.o
        12          4          0          0         96         68   libspace.o
        48          4          0          0          0         84   noretval__2sprintf.o
       136         16          0          0        228        156   rand.o
        12          4          0          0          0         68   rt_fp_status_addr_intlibspace.o
        64          0          0          0          0         68   rt_memclr.o
        84          0          0          0          0         80   rt_memclr_w.o
         0          0          0          0          0          0   rtentry.o
        44          4          0          0          0          0   rtentry2.o
         8          0          0          0          0          0   rtentry4.o
         8          0          0          0          0          0   rtexit.o
        12          0          0          0          0          0   rtexit2.o
       160          4          0          0          0         80   strcmp.o
        88          6          0          0          0         76   strcpy.o
        46          0          0          0          0         72   strncat.o
       112          4          0          0          0         84   strncpy.o
        20          4          0          0          0         60   sys_exit.o
        96          0          0          0          0         80   sys_stackheap_outer.o
         4          0          0          0          0         68   use_no_semi.o
        28          0          0          0          0         80   fpinit.o

    ----------------------------------------------------------------------
      1980         62          0          0        324       2100   Library Totals
        12          0          0          0          0          0   (incl. Padding)

    ----------------------------------------------------------------------

      Code (inc. data)   RO Data    RW Data    ZI Data      Debug   Library Name

      1940         62          0          0        324       2020   c_t.l
        28          0          0          0          0         80   fz_ts.l

    ----------------------------------------------------------------------
      1980         62          0          0        324       2100   Library Totals

    ----------------------------------------------------------------------

==============================================================================


      Code (inc. data)   RO Data    RW Data    ZI Data      Debug   

     14400       1518         36        200       1704      21940   Grand Totals
     14400       1518         36        200       1704      21940   ELF Image Totals
     14400       1518         36        200          0          0   ROM Totals

==============================================================================

    Total RO  Size (Code + RO Data)                14436 (  14.10kB)
    Total RW  Size (RW Data + ZI Data)              1904 (   1.86kB)
    Total ROM Size (Code + RO Data + RW Data)      14636 (  14.29kB)

==============================================================================

