<html>
<body>
<pre>
<h1>µVision Build Log</h1>
<h2>Project:</h2>
E:\v23ce5h1\Documents\ARM(from_lap_24.03.24())-20240325T085012Z-001\ARM\KEIL\PROJECT\HOME_SECURITY_SYSTEM\EXTENDED_CODE\P1.uvproj
Project File Date:  03/25/2024

<h2>Output:</h2>
Rebuild target 'Target 1'
assembling Startup.s...
compiling P1.c...
P1.c(320): warning:  #111-D: statement is unreachable
P1.c(598): warning:  #111-D: statement is unreachable
compiling delay.c...
compiling GSM.c...
compiling I2C.c...
compiling I2C_EEPROM.C...
compiling l293d.c...
compiling LCD.c...
compiling UART0.c...
compiling Whole_Keypad.c...
linking...
Program Size: Code=14304 RO-data=36 RW-data=200 ZI-data=1704  
FromELF: creating hex file...
"P1.axf" - 0 Error(s), 2 Warning(s).
Rebuild target 'Target 1'
assembling Startup.s...
compiling P1.c...
P1.c(320): warning:  #111-D: statement is unreachable
P1.c(598): warning:  #111-D: statement is unreachable
compiling delay.c...
compiling GSM.c...
compiling I2C.c...
compiling I2C_EEPROM.C...
compiling l293d.c...
compiling LCD.c...
compiling UART0.c...
compiling Whole_Keypad.c...
linking...
Program Size: Code=14312 RO-data=36 RW-data=200 ZI-data=1704  
FromELF: creating hex file...
"P1.axf" - 0 Error(s), 2 Warning(s).
Rebuild target 'Target 1'
assembling Startup.s...
compiling P1.c...
P1.c(320): warning:  #111-D: statement is unreachable
P1.c(598): warning:  #111-D: statement is unreachable
compiling delay.c...
compiling GSM.c...
compiling I2C.c...
compiling I2C_EEPROM.C...
compiling l293d.c...
compiling LCD.c...
compiling UART0.c...
compiling Whole_Keypad.c...
linking...
Program Size: Code=14312 RO-data=36 RW-data=200 ZI-data=1704  
FromELF: creating hex file...
"P1.axf" - 0 Error(s), 2 Warning(s).
Rebuild target 'Target 1'
assembling Startup.s...
compiling P1.c...
P1.c(320): warning:  #111-D: statement is unreachable
P1.c(598): warning:  #111-D: statement is unreachable
compiling delay.c...
compiling GSM.c...
compiling I2C.c...
compiling I2C_EEPROM.C...
compiling l293d.c...
compiling LCD.c...
compiling UART0.c...
compiling Whole_Keypad.c...
linking...
Program Size: Code=14312 RO-data=36 RW-data=200 ZI-data=1704  
FromELF: creating hex file...
"P1.axf" - 0 Error(s), 2 Warning(s).
Rebuild target 'Target 1'
assembling Startup.s...
compiling P1.c...
P1.c(322): warning:  #111-D: statement is unreachable
P1.c(600): warning:  #111-D: statement is unreachable
compiling delay.c...
compiling GSM.c...
compiling I2C.c...
compiling I2C_EEPROM.C...
compiling l293d.c...
compiling LCD.c...
compiling UART0.c...
compiling Whole_Keypad.c...
linking...
Program Size: Code=14400 RO-data=36 RW-data=200 ZI-data=1704  
FromELF: creating hex file...
"P1.axf" - 0 Error(s), 2 Warning(s).
