<html>
<body>
<pre>
<h1>µVision Build Log</h1>
<h2>Project:</h2>
C:\laptop\HSSD\Vector\ARM(from_lab_23.03.24(20.05))\KEIL\PROJECT\HOME_SECURITY_SYSTEM\REQUIRED_CODE\P1.uvproj
Project File Date:  03/24/2024

<h2>Output:</h2>
Build target 'Target 1'
assembling Startup.s...
compiling P1.c...
compiling delay.c...
compiling GSM.c...
compiling I2C.c...
compiling I2C_EEPROM.C...
compiling l293d.c...
compiling LCD.c...
compiling UART0.c...
compiling Whole_Keypad.c...
linking...
Program Size: Code=7720 RO-data=32 RW-data=208 ZI-data=1696  
FromELF: creating hex file...
"P1.axf" - 0 Error(s), 0 Warning(s).
