<html>
<body>
<pre>
<h1>µVision Build Log</h1>
<h2>Project:</h2>
C:\laptop\HSSD\Vector\ARM\KEIL\KEYPAD\NUM_KEYPAD\NUM_KEYPAD.uvproj
Project File Date:  03/17/2024

<h2>Output:</h2>
Build target 'Target 1'
assembling Startup.s...
compiling NUM_KEYPAD.c...
compiling LCD.c...
compiling UART0.c...
compiling delay.c...
linking...
Program Size: Code=2596 RO-data=32 RW-data=152 ZI-data=1256  
FromELF: creating hex file...
"NUM_KEYPAD.axf" - 0 Error(s), 0 Warning(s).
Build target 'Target 1'
assembling Startup.s...
compiling NUM_KEYPAD.c...
compiling LCD.c...
compiling UART0.c...
compiling delay.c...
linking...
Program Size: Code=2596 RO-data=32 RW-data=152 ZI-data=1256  
FromELF: creating hex file...
"NUM_KEYPAD.axf" - 0 Error(s), 0 Warning(s).
Build target 'Target 1'
assembling Startup.s...
compiling NUM_KEYPAD.c...
compiling LCD.c...
compiling UART0.c...
compiling delay.c...
linking...
Program Size: Code=2600 RO-data=32 RW-data=152 ZI-data=1256  
FromELF: creating hex file...
"NUM_KEYPAD.axf" - 0 Error(s), 0 Warning(s).
Build target 'Target 1'
assembling Startup.s...
compiling NUM_KEYPAD.c...
compiling LCD.c...
compiling UART0.c...
compiling delay.c...
linking...
Program Size: Code=2600 RO-data=32 RW-data=152 ZI-data=1256  
FromELF: creating hex file...
"NUM_KEYPAD.axf" - 0 Error(s), 0 Warning(s).
