<html>
<body>
<pre>
<h1>µVision Build Log</h1>
<h2>Project:</h2>
C:\laptop\HSSD\Vector\ARM\KEIL\KEYPAD\ALPHA_KEYPAD_UART0\ALPHA_KEYPAD_UART0.uvproj
Project File Date:  03/17/2024

<h2>Output:</h2>
Build target 'Target 1'
assembling Startup.s...
compiling ALPHA_KEYPAD_UART0.c...
compiling LCD.c...
compiling UART0.c...
..\..\UART0\UART0.H(6): error:  #5: cannot open source input file "LCD.h": No such file or directory
compiling delay.c...
Target not created
Build target 'Target 1'
assembling Startup.s...
compiling ALPHA_KEYPAD_UART0.c...
compiling LCD.c...
compiling UART0.c...
..\..\UART0\UART0.c(28): warning:  #223-D: function "LCD_DATA" declared implicitly
compiling delay.c...
linking...
Program Size: Code=2600 RO-data=32 RW-data=152 ZI-data=1256  
FromELF: creating hex file...
"NUM_KEYPAD.axf" - 0 Error(s), 1 Warning(s).
Build target 'Target 1'
assembling Startup.s...
compiling ALPHA_KEYPAD_UART0.c...
compiling LCD.c...
compiling UART0.c...
compiling delay.c...
linking...
Program Size: Code=2600 RO-data=32 RW-data=152 ZI-data=1256  
FromELF: creating hex file...
"NUM_KEYPAD.axf" - 0 Error(s), 0 Warning(s).
Build target 'Target 1'
assembling Startup.s...
compiling ALPHA_KEYPAD_UART0.c...
compiling LCD.c...
compiling UART0.c...
compiling delay.c...
linking...
Program Size: Code=2600 RO-data=32 RW-data=152 ZI-data=1256  
FromELF: creating hex file...
"NUM_KEYPAD.axf" - 0 Error(s), 0 Warning(s).
Build target 'Target 1'
assembling Startup.s...
compiling ALPHA_KEYPAD_UART0.c...
compiling LCD.c...
compiling UART0.c...
compiling delay.c...
linking...
Program Size: Code=2600 RO-data=32 RW-data=152 ZI-data=1256  
FromELF: creating hex file...
"NUM_KEYPAD.axf" - 0 Error(s), 0 Warning(s).
Build target 'Target 1'
assembling Startup.s...
compiling ALPHA_KEYPAD_UART0.c...
compiling LCD.c...
compiling UART0.c...
compiling delay.c...
linking...
Program Size: Code=2600 RO-data=32 RW-data=152 ZI-data=1256  
FromELF: creating hex file...
"NUM_KEYPAD.axf" - 0 Error(s), 0 Warning(s).
Build target 'Target 1'
assembling Startup.s...
compiling ALPHA_KEYPAD_UART0.c...
ALPHA_KEYPAD_UART0.c(52): error:  #268: declaration may not appear after executable statement in block
compiling LCD.c...
compiling UART0.c...
compiling delay.c...
Target not created
Build target 'Target 1'
assembling Startup.s...
compiling ALPHA_KEYPAD_UART0.c...
compiling LCD.c...
compiling UART0.c...
compiling delay.c...
linking...
Program Size: Code=2668 RO-data=32 RW-data=152 ZI-data=1360  
FromELF: creating hex file...
"NUM_KEYPAD.axf" - 0 Error(s), 0 Warning(s).
Build target 'Target 1'
assembling Startup.s...
compiling ALPHA_KEYPAD_UART0.c...
compiling LCD.c...
compiling UART0.c...
compiling delay.c...
linking...
Program Size: Code=2880 RO-data=32 RW-data=152 ZI-data=1360  
FromELF: creating hex file...
"NUM_KEYPAD.axf" - 0 Error(s), 0 Warning(s).
Build target 'Target 1'
assembling Startup.s...
compiling ALPHA_KEYPAD_UART0.c...
compiling LCD.c...
compiling UART0.c...
compiling delay.c...
linking...
Program Size: Code=2884 RO-data=32 RW-data=152 ZI-data=1360  
FromELF: creating hex file...
"NUM_KEYPAD.axf" - 0 Error(s), 0 Warning(s).
