<html>
<body>
<pre>
<h1>µVision Build Log</h1>
<h2>Project:</h2>
C:\laptop\HSSD\Vector\ARM\KEIL\KEYPAD\Num_keypad4x3.uvproj
Project File Date:  03/15/2024

<h2>Output:</h2>
Build target 'Target 1'
assembling Startup.s...
linking...
Num_keypad4x3.axf: Warning: L6665W: Neither Lib$$Request$$armlib Lib$$Request$$cpplib defined, not searching ARM libraries.
Num_keypad4x3.axf: Error: L6411W: No compatible library exists with a definition of startup symbol __main.
Target not created
Build target 'Target 1'
assembling Startup.s...
linking...
Num_keypad4x3.axf: Warning: L6665W: Neither Lib$$Request$$armlib Lib$$Request$$cpplib defined, not searching ARM libraries.
Num_keypad4x3.axf: Error: L6411W: No compatible library exists with a definition of startup symbol __main.
Target not created
Build target 'Target 1'
assembling Startup.s...
linking...
Num_keypad4x3.axf: Warning: L6665W: Neither Lib$$Request$$armlib Lib$$Request$$cpplib defined, not searching ARM libraries.
Num_keypad4x3.axf: Error: L6411W: No compatible library exists with a definition of startup symbol __main.
Target not created
Build target 'Target 1'
assembling Startup.s...
linking...
Num_keypad4x3.axf: Warning: L6665W: Neither Lib$$Request$$armlib Lib$$Request$$cpplib defined, not searching ARM libraries.
Num_keypad4x3.axf: Error: L6411W: No compatible library exists with a definition of startup symbol __main.
Target not created
Build target 'Target 1'
assembling Startup.s...
linking...
Num_keypad4x3.axf: Warning: L6665W: Neither Lib$$Request$$armlib Lib$$Request$$cpplib defined, not searching ARM libraries.
Num_keypad4x3.axf: Error: L6411W: No compatible library exists with a definition of startup symbol __main.
Target not created
Build target 'Target 1'
assembling Startup.s...
compiling src.c...
src.c(149): warning:  #223-D: function "UART0_TX" declared implicitly
src.c(165): error:  #159: declaration is incompatible with previous "UART0_TX" (declared at line 149)
src.c(174): warning:  #177-D: variable "press" was declared but never referenced
Target not created
Build target 'Target 1'
assembling Startup.s...
compiling src.c...
src.c(174): warning:  #177-D: variable "press" was declared but never referenced
linking...
Program Size: Code=2076 RO-data=32 RW-data=140 ZI-data=1260  
"Num_keypad4x3.axf" - 0 Error(s), 1 Warning(s).
Build target 'Target 1'
assembling Startup.s...
compiling src.c...
src.c(174): warning:  #177-D: variable "press" was declared but never referenced
linking...
Program Size: Code=2348 RO-data=32 RW-data=140 ZI-data=1260  
FromELF: creating hex file...
"Num_keypad4x3.axf" - 0 Error(s), 1 Warning(s).
Build target 'Target 1'
assembling Startup.s...
compiling src.c...
src.c(174): warning:  #177-D: variable "press" was declared but never referenced
linking...
Program Size: Code=2340 RO-data=32 RW-data=140 ZI-data=1260  
FromELF: creating hex file...
"Num_keypad4x3.axf" - 0 Error(s), 1 Warning(s).
