<html>
<body>
<pre>
<h1>µVision Build Log</h1>
<h2>Project:</h2>
C:\laptop\HSSD\Vector\ARM\KEIL\KEYPAD\NUM_KEYPAD_UART0\NUM_KEYPAD_UART0.uvproj
Project File Date:  03/18/2024

<h2>Output:</h2>
Build target 'Target 1'
assembling Startup.s...
compiling NUM_KEYPAD_UART0.c...
compiling delay.c...
compiling LCD.c...
compiling UART0.c...
linking...
Program Size: Code=2736 RO-data=32 RW-data=104 ZI-data=1256  
FromELF: creating hex file...
"NUM_KEYPAD.axf" - 0 Error(s), 0 Warning(s).
Build target 'Target 1'
assembling Startup.s...
compiling NUM_KEYPAD_UART0.c...
compiling delay.c...
compiling LCD.c...
compiling UART0.c...
linking...
Program Size: Code=2736 RO-data=32 RW-data=104 ZI-data=1256  
FromELF: creating hex file...
"NUM_KEYPAD.axf" - 0 Error(s), 0 Warning(s).
Build target 'Target 1'
assembling Startup.s...
compiling NUM_KEYPAD_UART0.c...
compiling delay.c...
compiling LCD.c...
compiling UART0.c...
linking...
Program Size: Code=2736 RO-data=32 RW-data=104 ZI-data=1256  
FromELF: creating hex file...
"NUM_KEYPAD.axf" - 0 Error(s), 0 Warning(s).
Build target 'Target 1'
assembling Startup.s...
compiling NUM_KEYPAD_UART0.c...
compiling delay.c...
compiling LCD.c...
compiling UART0.c...
linking...
Program Size: Code=2728 RO-data=32 RW-data=104 ZI-data=1256  
FromELF: creating hex file...
"NUM_KEYPAD.axf" - 0 Error(s), 0 Warning(s).
Build target 'Target 1'
assembling Startup.s...
compiling NUM_KEYPAD_UART0.c...
compiling delay.c...
compiling LCD.c...
compiling UART0.c...
linking...
Program Size: Code=2740 RO-data=32 RW-data=104 ZI-data=1256  
FromELF: creating hex file...
"NUM_KEYPAD.axf" - 0 Error(s), 0 Warning(s).
Build target 'Target 1'
assembling Startup.s...
compiling NUM_KEYPAD_UART0.c...
compiling delay.c...
compiling LCD.c...
compiling UART0.c...
linking...
Program Size: Code=2732 RO-data=32 RW-data=104 ZI-data=1256  
FromELF: creating hex file...
"NUM_KEYPAD.axf" - 0 Error(s), 0 Warning(s).
Build target 'Target 1'
assembling Startup.s...
compiling NUM_KEYPAD_UART0.c...
compiling delay.c...
compiling LCD.c...
compiling UART0.c...
..\..\UART0\UART0.c(2): error:  #5: cannot open source input file "LCD.H": No such file or directory
Target not created
Build target 'Target 1'
assembling Startup.s...
compiling NUM_KEYPAD_UART0.c...
compiling delay.c...
compiling LCD.c...
compiling UART0.c...
..\..\UART0\UART0.c(2): error:  #5: cannot open source input file "LCD.c": No such file or directory
Target not created
Build target 'Target 1'
assembling Startup.s...
compiling NUM_KEYPAD_UART0.c...
compiling delay.c...
compiling LCD.c...
compiling UART0.c...
..\..\UART0\UART0.H(6): error:  #5: cannot open source input file "LCD.h": No such file or directory
Target not created
Build target 'Target 1'
assembling Startup.s...
compiling NUM_KEYPAD_UART0.c...
compiling delay.c...
compiling LCD.c...
compiling UART0.c...
..\..\UART0\UART0.c(28): warning:  #223-D: function "LCD_DATA" declared implicitly
linking...
Program Size: Code=2736 RO-data=32 RW-data=104 ZI-data=1256  
FromELF: creating hex file...
"NUM_KEYPAD.axf" - 0 Error(s), 1 Warning(s).
Build target 'Target 1'
assembling Startup.s...
compiling NUM_KEYPAD_UART0.c...
compiling delay.c...
compiling LCD.c...
compiling UART0.c...
UART0.c(28): warning:  #223-D: function "LCD_DATA" declared implicitly
linking...
Program Size: Code=2736 RO-data=32 RW-data=104 ZI-data=1256  
FromELF: creating hex file...
"NUM_KEYPAD.axf" - 0 Error(s), 1 Warning(s).
Build target 'Target 1'
assembling Startup.s...
compiling NUM_KEYPAD_UART0.c...
compiling delay.c...
compiling LCD.c...
compiling UART0.c...
linking...
Program Size: Code=2736 RO-data=32 RW-data=104 ZI-data=1256  
FromELF: creating hex file...
"NUM_KEYPAD.axf" - 0 Error(s), 0 Warning(s).
Build target 'Target 1'
assembling Startup.s...
compiling NUM_KEYPAD_UART0.c...
compiling delay.c...
compiling LCD.c...
compiling UART0.c...
linking...
Program Size: Code=2736 RO-data=32 RW-data=104 ZI-data=1256  
FromELF: creating hex file...
"NUM_KEYPAD.axf" - 0 Error(s), 0 Warning(s).
Build target 'Target 1'
assembling Startup.s...
compiling NUM_KEYPAD_UART0.c...
compiling UART0.c...
compiling LCD.c...
compiling delay.c...
linking...
Program Size: Code=2736 RO-data=32 RW-data=104 ZI-data=1256  
FromELF: creating hex file...
"NUM_KEYPAD.axf" - 0 Error(s), 0 Warning(s).
Build target 'Target 1'
assembling Startup.s...
compiling NUM_KEYPAD_UART0.c...
compiling UART0.c...
compiling LCD.c...
compiling delay.c...
linking...
Program Size: Code=2736 RO-data=32 RW-data=104 ZI-data=1256  
FromELF: creating hex file...
"NUM_KEYPAD.axf" - 0 Error(s), 0 Warning(s).
Build target 'Target 1'
assembling Startup.s...
compiling NUM_KEYPAD_UART0.c...
NUM_KEYPAD_UART0.c(133): warning:  #167-D: argument of type "char *" is incompatible with parameter of type "u8 *"
compiling UART0.c...
compiling LCD.c...
compiling delay.c...
linking...
Program Size: Code=2716 RO-data=32 RW-data=104 ZI-data=1256  
FromELF: creating hex file...
"NUM_KEYPAD.axf" - 0 Error(s), 1 Warning(s).
Build target 'Target 1'
assembling Startup.s...
compiling NUM_KEYPAD_UART0.c...
NUM_KEYPAD_UART0.c(133): warning:  #167-D: argument of type "char *" is incompatible with parameter of type "u8 *"
compiling UART0.c...
compiling LCD.c...
compiling delay.c...
linking...
Program Size: Code=2716 RO-data=32 RW-data=104 ZI-data=1256  
FromELF: creating hex file...
"NUM_KEYPAD.axf" - 0 Error(s), 1 Warning(s).
Build target 'Target 1'
assembling Startup.s...
compiling NUM_KEYPAD_UART0.c...
NUM_KEYPAD_UART0.c(132): warning:  #167-D: argument of type "u8 *" is incompatible with parameter of type "char *"
compiling UART0.c...
compiling LCD.c...
compiling delay.c...
linking...
Program Size: Code=2716 RO-data=32 RW-data=104 ZI-data=1256  
FromELF: creating hex file...
"NUM_KEYPAD.axf" - 0 Error(s), 1 Warning(s).
Build target 'Target 1'
assembling Startup.s...
compiling NUM_KEYPAD_UART0.c...
compiling UART0.c...
compiling LCD.c...
compiling delay.c...
linking...
Program Size: Code=2716 RO-data=32 RW-data=104 ZI-data=1256  
FromELF: creating hex file...
"NUM_KEYPAD.axf" - 0 Error(s), 0 Warning(s).
Build target 'Target 1'
assembling Startup.s...
compiling NUM_KEYPAD_UART0.c...
compiling UART0.c...
compiling LCD.c...
compiling delay.c...
linking...
Program Size: Code=2724 RO-data=32 RW-data=104 ZI-data=1256  
FromELF: creating hex file...
"NUM_KEYPAD.axf" - 0 Error(s), 0 Warning(s).
Build target 'Target 1'
assembling Startup.s...
compiling NUM_KEYPAD_UART0.c...
compiling UART0.c...
compiling LCD.c...
compiling delay.c...
linking...
Program Size: Code=2704 RO-data=32 RW-data=104 ZI-data=1256  
FromELF: creating hex file...
"NUM_KEYPAD.axf" - 0 Error(s), 0 Warning(s).
Build target 'Target 1'
assembling Startup.s...
compiling NUM_KEYPAD_UART0.c...
compiling UART0.c...
compiling LCD.c...
compiling delay.c...
linking...
Program Size: Code=2704 RO-data=32 RW-data=104 ZI-data=1256  
FromELF: creating hex file...
"NUM_KEYPAD.axf" - 0 Error(s), 0 Warning(s).
Build target 'Target 1'
assembling Startup.s...
compiling NUM_KEYPAD_UART0.c...
compiling UART0.c...
compiling LCD.c...
compiling delay.c...
linking...
Program Size: Code=2696 RO-data=32 RW-data=104 ZI-data=1256  
FromELF: creating hex file...
"NUM_KEYPAD.axf" - 0 Error(s), 0 Warning(s).
Build target 'Target 1'
assembling Startup.s...
compiling NUM_KEYPAD_UART0.c...
compiling UART0.c...
UART0.c(28): warning:  #174-D: expression has no effect
compiling LCD.c...
compiling delay.c...
linking...
Program Size: Code=2700 RO-data=32 RW-data=104 ZI-data=1256  
FromELF: creating hex file...
"NUM_KEYPAD.axf" - 0 Error(s), 1 Warning(s).
Build target 'Target 1'
assembling Startup.s...
compiling NUM_KEYPAD_UART0.c...
compiling UART0.c...
compiling LCD.c...
compiling delay.c...
linking...
Program Size: Code=2704 RO-data=32 RW-data=104 ZI-data=1256  
FromELF: creating hex file...
"NUM_KEYPAD.axf" - 0 Error(s), 0 Warning(s).
Build target 'Target 1'
assembling Startup.s...
compiling NUM_KEYPAD_UART0.c...
compiling UART0.c...
compiling LCD.c...
compiling delay.c...
linking...
Program Size: Code=2704 RO-data=32 RW-data=104 ZI-data=1256  
FromELF: creating hex file...
"NUM_KEYPAD.axf" - 0 Error(s), 0 Warning(s).
Build target 'Target 1'
assembling Startup.s...
compiling NUM_KEYPAD_UART0.c...
compiling UART0.c...
compiling LCD.c...
compiling delay.c...
linking...
Program Size: Code=2696 RO-data=32 RW-data=104 ZI-data=1256  
FromELF: creating hex file...
"NUM_KEYPAD.axf" - 0 Error(s), 0 Warning(s).
Build target 'Target 1'
assembling Startup.s...
compiling NUM_KEYPAD_UART0.c...
NUM_KEYPAD_UART0.c(133): error:  #165: too few arguments in function call
compiling UART0.c...
compiling LCD.c...
compiling delay.c...
Target not created
Build target 'Target 1'
assembling Startup.s...
compiling NUM_KEYPAD_UART0.c...
compiling UART0.c...
compiling LCD.c...
compiling delay.c...
linking...
Program Size: Code=2692 RO-data=32 RW-data=104 ZI-data=1256  
FromELF: creating hex file...
"NUM_KEYPAD.axf" - 0 Error(s), 0 Warning(s).
Build target 'Target 1'
assembling Startup.s...
compiling NUM_KEYPAD_UART0.c...
compiling UART0.c...
compiling LCD.c...
compiling delay.c...
linking...
Program Size: Code=2708 RO-data=32 RW-data=104 ZI-data=1256  
FromELF: creating hex file...
"NUM_KEYPAD.axf" - 0 Error(s), 0 Warning(s).
Build target 'Target 1'
assembling Startup.s...
compiling NUM_KEYPAD_UART0.c...
compiling UART0.c...
compiling LCD.c...
compiling delay.c...
linking...
Program Size: Code=2708 RO-data=32 RW-data=104 ZI-data=1256  
FromELF: creating hex file...
"NUM_KEYPAD.axf" - 0 Error(s), 0 Warning(s).
Build target 'Target 1'
assembling Startup.s...
compiling NUM_KEYPAD_UART0.c...
compiling UART0.c...
compiling LCD.c...
compiling delay.c...
linking...
Program Size: Code=2716 RO-data=32 RW-data=104 ZI-data=1256  
FromELF: creating hex file...
"NUM_KEYPAD.axf" - 0 Error(s), 0 Warning(s).
Build target 'Target 1'
assembling Startup.s...
compiling NUM_KEYPAD_UART0.c...
compiling UART0.c...
compiling LCD.c...
compiling delay.c...
linking...
Program Size: Code=2708 RO-data=32 RW-data=104 ZI-data=1256  
FromELF: creating hex file...
"NUM_KEYPAD.axf" - 0 Error(s), 0 Warning(s).
Build target 'Target 1'
assembling Startup.s...
compiling NUM_KEYPAD_UART0.c...
compiling UART0.c...
compiling LCD.c...
compiling delay.c...
linking...
Program Size: Code=2708 RO-data=32 RW-data=104 ZI-data=1256  
FromELF: creating hex file...
"NUM_KEYPAD.axf" - 0 Error(s), 0 Warning(s).
Build target 'Target 1'
assembling Startup.s...
compiling NUM_KEYPAD_UART0.c...
compiling UART0.c...
compiling LCD.c...
compiling delay.c...
linking...
Program Size: Code=2724 RO-data=32 RW-data=104 ZI-data=1256  
FromELF: creating hex file...
"NUM_KEYPAD.axf" - 0 Error(s), 0 Warning(s).
Build target 'Target 1'
assembling Startup.s...
compiling NUM_KEYPAD_UART0.c...
compiling UART0.c...
compiling LCD.c...
compiling delay.c...
linking...
Program Size: Code=2708 RO-data=32 RW-data=104 ZI-data=1256  
FromELF: creating hex file...
"NUM_KEYPAD.axf" - 0 Error(s), 0 Warning(s).
Build target 'Target 1'
assembling Startup.s...
compiling NUM_KEYPAD_UART0.c...
compiling UART0.c...
compiling LCD.c...
compiling delay.c...
linking...
Program Size: Code=2740 RO-data=32 RW-data=104 ZI-data=1256  
FromELF: creating hex file...
"NUM_KEYPAD.axf" - 0 Error(s), 0 Warning(s).
Build target 'Target 1'
assembling Startup.s...
compiling NUM_KEYPAD_UART0.c...
compiling UART0.c...
compiling LCD.c...
compiling delay.c...
linking...
Program Size: Code=2732 RO-data=32 RW-data=104 ZI-data=1256  
FromELF: creating hex file...
"NUM_KEYPAD.axf" - 0 Error(s), 0 Warning(s).
Build target 'Target 1'
assembling Startup.s...
compiling NUM_KEYPAD_UART0.c...
compiling UART0.c...
compiling LCD.c...
compiling delay.c...
linking...
Program Size: Code=2732 RO-data=32 RW-data=104 ZI-data=1256  
FromELF: creating hex file...
"NUM_KEYPAD.axf" - 0 Error(s), 0 Warning(s).
Build target 'Target 1'
assembling Startup.s...
compiling NUM_KEYPAD_UART0.c...
compiling UART0.c...
compiling LCD.c...
compiling delay.c...
linking...
Program Size: Code=2720 RO-data=32 RW-data=104 ZI-data=1256  
FromELF: creating hex file...
"NUM_KEYPAD.axf" - 0 Error(s), 0 Warning(s).
Build target 'Target 1'
assembling Startup.s...
compiling NUM_KEYPAD_UART0.c...
compiling UART0.c...
compiling LCD.c...
compiling delay.c...
linking...
Program Size: Code=2736 RO-data=32 RW-data=104 ZI-data=1256  
FromELF: creating hex file...
"NUM_KEYPAD.axf" - 0 Error(s), 0 Warning(s).
Build target 'Target 1'
assembling Startup.s...
compiling NUM_KEYPAD_UART0.c...
compiling UART0.c...
compiling LCD.c...
compiling delay.c...
linking...
Program Size: Code=2728 RO-data=32 RW-data=104 ZI-data=1256  
FromELF: creating hex file...
"NUM_KEYPAD.axf" - 0 Error(s), 0 Warning(s).
Build target 'Target 1'
assembling Startup.s...
compiling NUM_KEYPAD_UART0.c...
compiling UART0.c...
compiling LCD.c...
compiling delay.c...
linking...
Program Size: Code=2720 RO-data=32 RW-data=104 ZI-data=1256  
FromELF: creating hex file...
"NUM_KEYPAD.axf" - 0 Error(s), 0 Warning(s).
Build target 'Target 1'
assembling Startup.s...
compiling NUM_KEYPAD_UART0.c...
compiling UART0.c...
compiling LCD.c...
compiling delay.c...
linking...
Program Size: Code=2720 RO-data=32 RW-data=104 ZI-data=1256  
FromELF: creating hex file...
"NUM_KEYPAD.axf" - 0 Error(s), 0 Warning(s).
Build target 'Target 1'
assembling Startup.s...
compiling NUM_KEYPAD_UART0.c...
compiling UART0.c...
compiling LCD.c...
compiling delay.c...
linking...
Program Size: Code=2720 RO-data=32 RW-data=104 ZI-data=1256  
FromELF: creating hex file...
"NUM_KEYPAD.axf" - 0 Error(s), 0 Warning(s).
Build target 'Target 1'
assembling Startup.s...
compiling NUM_KEYPAD_UART0.c...
compiling UART0.c...
compiling LCD.c...
compiling delay.c...
linking...
Program Size: Code=2708 RO-data=32 RW-data=104 ZI-data=1256  
FromELF: creating hex file...
"NUM_KEYPAD.axf" - 0 Error(s), 0 Warning(s).
Build target 'Target 1'
assembling Startup.s...
compiling NUM_KEYPAD_UART0.c...
compiling UART0.c...
compiling LCD.c...
compiling delay.c...
linking...
Program Size: Code=2736 RO-data=32 RW-data=104 ZI-data=1256  
FromELF: creating hex file...
"NUM_KEYPAD.axf" - 0 Error(s), 0 Warning(s).
Build target 'Target 1'
assembling Startup.s...
compiling NUM_KEYPAD_UART0.c...
compiling UART0.c...
compiling LCD.c...
compiling delay.c...
linking...
Program Size: Code=2756 RO-data=32 RW-data=104 ZI-data=1256  
FromELF: creating hex file...
"NUM_KEYPAD.axf" - 0 Error(s), 0 Warning(s).
Build target 'Target 1'
assembling Startup.s...
compiling NUM_KEYPAD_UART0.c...
compiling UART0.c...
compiling LCD.c...
compiling delay.c...
linking...
Program Size: Code=2776 RO-data=32 RW-data=104 ZI-data=1256  
FromELF: creating hex file...
"NUM_KEYPAD.axf" - 0 Error(s), 0 Warning(s).
Build target 'Target 1'
assembling Startup.s...
compiling NUM_KEYPAD_UART0.c...
compiling UART0.c...
compiling LCD.c...
compiling delay.c...
linking...
Program Size: Code=2776 RO-data=32 RW-data=104 ZI-data=1256  
FromELF: creating hex file...
"NUM_KEYPAD.axf" - 0 Error(s), 0 Warning(s).
Build target 'Target 1'
assembling Startup.s...
compiling NUM_KEYPAD_UART0.c...
compiling UART0.c...
compiling LCD.c...
compiling delay.c...
linking...
Program Size: Code=2800 RO-data=32 RW-data=104 ZI-data=1256  
FromELF: creating hex file...
"NUM_KEYPAD.axf" - 0 Error(s), 0 Warning(s).
Build target 'Target 1'
assembling Startup.s...
compiling NUM_KEYPAD_UART0.c...
compiling UART0.c...
compiling LCD.c...
compiling delay.c...
linking...
Program Size: Code=2780 RO-data=32 RW-data=104 ZI-data=1280  
FromELF: creating hex file...
"NUM_KEYPAD.axf" - 0 Error(s), 0 Warning(s).
Build target 'Target 1'
assembling Startup.s...
compiling NUM_KEYPAD_UART0.c...
compiling UART0.c...
compiling LCD.c...
compiling delay.c...
linking...
Program Size: Code=2784 RO-data=32 RW-data=104 ZI-data=1280  
FromELF: creating hex file...
"NUM_KEYPAD.axf" - 0 Error(s), 0 Warning(s).
Build target 'Target 1'
assembling Startup.s...
compiling NUM_KEYPAD_UART0.c...
compiling UART0.c...
compiling LCD.c...
compiling delay.c...
linking...
Program Size: Code=2724 RO-data=32 RW-data=104 ZI-data=1280  
FromELF: creating hex file...
"NUM_KEYPAD.axf" - 0 Error(s), 0 Warning(s).
Build target 'Target 1'
assembling Startup.s...
compiling NUM_KEYPAD_UART0.c...
compiling UART0.c...
compiling LCD.c...
compiling delay.c...
linking...
Program Size: Code=2740 RO-data=32 RW-data=104 ZI-data=1280  
FromELF: creating hex file...
"NUM_KEYPAD.axf" - 0 Error(s), 0 Warning(s).
