<html>
<body>
<pre>
<h1>µVision Build Log</h1>
<h2>Project:</h2>
C:\laptop\HSSD\Vector\ARM\KEIL\KEYPAD\NUM_KEYPAD\NUM_KEYPAD.uvproj
Project File Date:  03/17/2024

<h2>Output:</h2>
Build target 'Target 1'
assembling Startup.s...
compiling NUM_KEYPAD.c...
NUM_KEYPAD.c(31): error:  #268: declaration may not appear after executable statement in block
NUM_KEYPAD.c(52): warning:  #177-D: variable "press" was declared but never referenced
compiling delay.c...
Target not created
Build target 'Target 1'
assembling Startup.s...
compiling NUM_KEYPAD.c...
NUM_KEYPAD.c(31): error:  #268: declaration may not appear after executable statement in block
NUM_KEYPAD.c(52): warning:  #177-D: variable "press" was declared but never referenced
compiling delay.c...
compiling LCD.c...
compiling UART0.c...
Target not created
Build target 'Target 1'
assembling Startup.s...
compiling NUM_KEYPAD.c...
NUM_KEYPAD.c(53): warning:  #177-D: variable "press" was declared but never referenced
compiling delay.c...
compiling LCD.c...
compiling UART0.c...
linking...
Program Size: Code=2668 RO-data=32 RW-data=104 ZI-data=1256  
FromELF: creating hex file...
"NUM_KEYPAD.axf" - 0 Error(s), 1 Warning(s).
Build target 'Target 1'
assembling Startup.s...
compiling NUM_KEYPAD.c...
compiling delay.c...
compiling LCD.c...
compiling UART0.c...
linking...
Program Size: Code=2660 RO-data=32 RW-data=104 ZI-data=1256  
FromELF: creating hex file...
"NUM_KEYPAD.axf" - 0 Error(s), 0 Warning(s).
Build target 'Target 1'
assembling Startup.s...
compiling NUM_KEYPAD.c...
compiling delay.c...
compiling LCD.c...
compiling UART0.c...
linking...
Program Size: Code=2660 RO-data=32 RW-data=104 ZI-data=1256  
FromELF: creating hex file...
"NUM_KEYPAD.axf" - 0 Error(s), 0 Warning(s).
Build target 'Target 1'
assembling Startup.s...
compiling NUM_KEYPAD.c...
compiling delay.c...
compiling LCD.c...
compiling UART0.c...
linking...
Program Size: Code=2644 RO-data=32 RW-data=104 ZI-data=1256  
FromELF: creating hex file...
"NUM_KEYPAD.axf" - 0 Error(s), 0 Warning(s).
Build target 'Target 1'
assembling Startup.s...
compiling NUM_KEYPAD.c...
compiling delay.c...
compiling LCD.c...
compiling UART0.c...
linking...
Program Size: Code=2648 RO-data=32 RW-data=104 ZI-data=1256  
FromELF: creating hex file...
"NUM_KEYPAD.axf" - 0 Error(s), 0 Warning(s).
