<html>
<body>
<pre>
<h1>µVision Build Log</h1>
<h2>Project:</h2>
C:\laptop\HSSD\Vector\ARM\KEIL\Watchdog\Watchdog.uvproj
Project File Date:  04/07/2024

<h2>Output:</h2>
Build target 'Target 1'
assembling Startup.s...
compiling Watchdog.c...
Watchdog.c(66): warning:  #1-D: last line of file ends without a newline
linking...
Program Size: Code=944 RO-data=16 RW-data=0 ZI-data=1256  
"Watchdog.axf" - 0 Error(s), 1 Warning(s).
Build target 'Target 1'
assembling Startup.s...
compiling Watchdog.c...
linking...
Program Size: Code=944 RO-data=16 RW-data=0 ZI-data=1256  
"Watchdog.axf" - 0 Error(s), 0 Warning(s).
Build target 'Target 1'
assembling Startup.s...
compiling Watchdog.c...
linking...
Program Size: Code=1216 RO-data=16 RW-data=0 ZI-data=1256  
FromELF: creating hex file...
"Watchdog.axf" - 0 Error(s), 0 Warning(s).
Build target 'Target 1'
assembling Startup.s...
compiling Watchdog.c...
linking...
Program Size: Code=1100 RO-data=16 RW-data=0 ZI-data=1256  
FromELF: creating hex file...
"Watchdog.axf" - 0 Error(s), 0 Warning(s).
Build target 'Target 1'
assembling Startup.s...
compiling Watchdog.c...
linking...
Program Size: Code=1116 RO-data=16 RW-data=0 ZI-data=1256  
FromELF: creating hex file...
"Watchdog.axf" - 0 Error(s), 0 Warning(s).
Build target 'Target 1'
assembling Startup.s...
compiling Watchdog.c...
linking...
Program Size: Code=1216 RO-data=16 RW-data=0 ZI-data=1256  
FromELF: creating hex file...
"Watchdog.axf" - 0 Error(s), 0 Warning(s).
Build target 'Target 1'
assembling Startup.s...
compiling Watchdog.c...
linking...
Program Size: Code=1396 RO-data=16 RW-data=0 ZI-data=1256  
FromELF: creating hex file...
"Watchdog.axf" - 0 Error(s), 0 Warning(s).
Build target 'Target 1'
assembling Startup.s...
compiling Watchdog.c...
linking...
Program Size: Code=1396 RO-data=16 RW-data=0 ZI-data=1256  
FromELF: creating hex file...
"Watchdog.axf" - 0 Error(s), 0 Warning(s).
Build target 'Target 1'
assembling Startup.s...
compiling Watchdog.c...
linking...
Program Size: Code=956 RO-data=16 RW-data=0 ZI-data=1256  
FromELF: creating hex file...
"Watchdog.axf" - 0 Error(s), 0 Warning(s).
Build target 'Target 1'
assembling Startup.s...
compiling Watchdog.c...
linking...
Program Size: Code=944 RO-data=16 RW-data=0 ZI-data=1256  
FromELF: creating hex file...
"Watchdog.axf" - 0 Error(s), 0 Warning(s).
Build target 'Target 1'
assembling Startup.s...
compiling Watchdog.c...
linking...
Program Size: Code=932 RO-data=16 RW-data=0 ZI-data=1256  
FromELF: creating hex file...
"Watchdog.axf" - 0 Error(s), 0 Warning(s).
Build target 'Target 1'
assembling Startup.s...
compiling Watchdog.c...
linking...
Program Size: Code=932 RO-data=16 RW-data=0 ZI-data=1256  
FromELF: creating hex file...
"Watchdog.axf" - 0 Error(s), 0 Warning(s).
Build target 'Target 1'
assembling Startup.s...
compiling Watchdog.c...
linking...
Program Size: Code=948 RO-data=16 RW-data=0 ZI-data=1256  
FromELF: creating hex file...
"Watchdog.axf" - 0 Error(s), 0 Warning(s).
Build target 'Target 1'
assembling Startup.s...
compiling Watchdog.c...
linking...
Program Size: Code=952 RO-data=16 RW-data=0 ZI-data=1256  
FromELF: creating hex file...
"Watchdog.axf" - 0 Error(s), 0 Warning(s).
Build target 'Target 1'
assembling Startup.s...
compiling Watchdog.c...
linking...
Program Size: Code=944 RO-data=16 RW-data=0 ZI-data=1256  
FromELF: creating hex file...
"Watchdog.axf" - 0 Error(s), 0 Warning(s).
Build target 'Target 1'
assembling Startup.s...
compiling Watchdog.c...
linking...
Program Size: Code=944 RO-data=16 RW-data=0 ZI-data=1256  
FromELF: creating hex file...
"Watchdog.axf" - 0 Error(s), 0 Warning(s).
Build target 'Target 1'
assembling Startup.s...
compiling Watchdog.c...
linking...
Program Size: Code=1396 RO-data=16 RW-data=0 ZI-data=1256  
FromELF: creating hex file...
"Watchdog.axf" - 0 Error(s), 0 Warning(s).
Build target 'Target 1'
assembling Startup.s...
compiling Watchdog.c...
linking...
Program Size: Code=1396 RO-data=16 RW-data=0 ZI-data=1256  
FromELF: creating hex file...
"Watchdog.axf" - 0 Error(s), 0 Warning(s).
Build target 'Target 1'
assembling Startup.s...
compiling Watchdog.c...
linking...
Program Size: Code=1396 RO-data=16 RW-data=0 ZI-data=1256  
FromELF: creating hex file...
"Watchdog.axf" - 0 Error(s), 0 Warning(s).
Build target 'Target 1'
assembling Startup.s...
compiling Watchdog.c...
linking...
Program Size: Code=1396 RO-data=16 RW-data=0 ZI-data=1256  
FromELF: creating hex file...
"Watchdog.axf" - 0 Error(s), 0 Warning(s).
Build target 'Target 1'
assembling Startup.s...
compiling Watchdog.c...
linking...
Program Size: Code=1396 RO-data=16 RW-data=0 ZI-data=1256  
FromELF: creating hex file...
"Watchdog.axf" - 0 Error(s), 0 Warning(s).
Build target 'Target 1'
assembling Startup.s...
compiling Watchdog.c...
linking...
Program Size: Code=1396 RO-data=16 RW-data=0 ZI-data=1256  
FromELF: creating hex file...
"Watchdog.axf" - 0 Error(s), 0 Warning(s).
Build target 'Target 1'
assembling Startup.s...
compiling Watchdog.c...
linking...
Program Size: Code=1396 RO-data=16 RW-data=0 ZI-data=1256  
FromELF: creating hex file...
"Watchdog.axf" - 0 Error(s), 0 Warning(s).
Build target 'Target 1'
assembling Startup.s...
compiling Watchdog.c...
linking...
Program Size: Code=996 RO-data=16 RW-data=0 ZI-data=1256  
FromELF: creating hex file...
"Watchdog.axf" - 0 Error(s), 0 Warning(s).
Build target 'Target 1'
assembling Startup.s...
compiling Watchdog.c...
linking...
Program Size: Code=976 RO-data=16 RW-data=0 ZI-data=1256  
FromELF: creating hex file...
"Watchdog.axf" - 0 Error(s), 0 Warning(s).
Build target 'Target 1'
assembling Startup.s...
compiling Watchdog.c...
linking...
Program Size: Code=1024 RO-data=16 RW-data=0 ZI-data=1256  
FromELF: creating hex file...
"Watchdog.axf" - 0 Error(s), 0 Warning(s).
Build target 'Target 1'
assembling Startup.s...
compiling Watchdog.c...
linking...
Program Size: Code=1016 RO-data=16 RW-data=0 ZI-data=1256  
FromELF: creating hex file...
"Watchdog.axf" - 0 Error(s), 0 Warning(s).
Build target 'Target 1'
assembling Startup.s...
compiling Watchdog.c...
linking...
Program Size: Code=944 RO-data=16 RW-data=0 ZI-data=1256  
FromELF: creating hex file...
"Watchdog.axf" - 0 Error(s), 0 Warning(s).
Build target 'Target 1'
assembling Startup.s...
compiling Watchdog.c...
linking...
Program Size: Code=940 RO-data=16 RW-data=0 ZI-data=1256  
FromELF: creating hex file...
"Watchdog.axf" - 0 Error(s), 0 Warning(s).
Build target 'Target 1'
assembling Startup.s...
compiling Watchdog.c...
linking...
Program Size: Code=940 RO-data=16 RW-data=0 ZI-data=1256  
FromELF: creating hex file...
"Watchdog.axf" - 0 Error(s), 0 Warning(s).
