<html>
<body>
<pre>
<h1>µVision Build Log</h1>
<h2>Project:</h2>
C:\laptop\HSSD\Vector\ARM(from_lab_23.03.24(20.05))\KEIL\PROJECT\HOME_SECURITY_SYSTEM\Basic_code +init_setup\P1.uvproj
Project File Date:  03/23/2024

<h2>Output:</h2>
Build target 'Target 1'
assembling Startup.s...
compiling P1.c...
P1.c(320): warning:  #111-D: statement is unreachable
compiling delay.c...
compiling GSM.c...
compiling I2C.c...
compiling I2C_EEPROM.C...
compiling l293d.c...
compiling LCD.c...
compiling UART0.c...
compiling Whole_Keypad.c...
linking...
Program Size: Code=12548 RO-data=36 RW-data=204 ZI-data=1700  
FromELF: creating hex file...
"P1.axf" - 0 Error(s), 1 Warning(s).
Build target 'Target 1'
assembling Startup.s...
compiling P1.c...
P1.c(320): warning:  #111-D: statement is unreachable
compiling delay.c...
compiling GSM.c...
compiling I2C.c...
compiling I2C_EEPROM.C...
compiling l293d.c...
compiling LCD.c...
compiling UART0.c...
compiling Whole_Keypad.c...
linking...
Program Size: Code=14168 RO-data=36 RW-data=204 ZI-data=1700  
FromELF: creating hex file...
"P1.axf" - 0 Error(s), 1 Warning(s).
Build target 'Target 1'
assembling Startup.s...
compiling P1.c...
P1.c(320): warning:  #111-D: statement is unreachable
compiling delay.c...
compiling GSM.c...
compiling I2C.c...
compiling I2C_EEPROM.C...
compiling l293d.c...
compiling LCD.c...
compiling UART0.c...
compiling Whole_Keypad.c...
linking...
Program Size: Code=14544 RO-data=36 RW-data=204 ZI-data=1700  
FromELF: creating hex file...
"P1.axf" - 0 Error(s), 1 Warning(s).
Build target 'Target 1'
assembling Startup.s...
compiling P1.c...
P1.c(320): warning:  #111-D: statement is unreachable
compiling delay.c...
compiling GSM.c...
compiling I2C.c...
compiling I2C_EEPROM.C...
compiling l293d.c...
compiling LCD.c...
compiling UART0.c...
compiling Whole_Keypad.c...
linking...
Program Size: Code=14540 RO-data=36 RW-data=204 ZI-data=1700  
FromELF: creating hex file...
"P1.axf" - 0 Error(s), 1 Warning(s).
Build target 'Target 1'
assembling Startup.s...
compiling P1.c...
P1.c(320): warning:  #111-D: statement is unreachable
compiling delay.c...
compiling GSM.c...
compiling I2C.c...
compiling I2C_EEPROM.C...
compiling l293d.c...
compiling LCD.c...
compiling UART0.c...
compiling Whole_Keypad.c...
linking...
Program Size: Code=14540 RO-data=36 RW-data=204 ZI-data=1700  
FromELF: creating hex file...
"P1.axf" - 0 Error(s), 1 Warning(s).
Build target 'Target 1'
assembling Startup.s...
compiling P1.c...
P1.c(320): warning:  #111-D: statement is unreachable
compiling delay.c...
compiling GSM.c...
compiling I2C.c...
compiling I2C_EEPROM.C...
compiling l293d.c...
compiling LCD.c...
compiling UART0.c...
compiling Whole_Keypad.c...
linking...
Program Size: Code=14540 RO-data=36 RW-data=208 ZI-data=1696  
FromELF: creating hex file...
"P1.axf" - 0 Error(s), 1 Warning(s).
Build target 'Target 1'
assembling Startup.s...
compiling P1.c...
P1.c(320): warning:  #111-D: statement is unreachable
compiling delay.c...
compiling GSM.c...
compiling I2C.c...
compiling I2C_EEPROM.C...
compiling l293d.c...
compiling LCD.c...
compiling UART0.c...
compiling Whole_Keypad.c...
linking...
Program Size: Code=14540 RO-data=36 RW-data=208 ZI-data=1696  
FromELF: creating hex file...
"P1.axf" - 0 Error(s), 1 Warning(s).
Build target 'Target 1'
assembling Startup.s...
compiling P1.c...
P1.c(320): warning:  #111-D: statement is unreachable
compiling delay.c...
compiling GSM.c...
compiling I2C.c...
compiling I2C_EEPROM.C...
compiling l293d.c...
compiling LCD.c...
compiling UART0.c...
compiling Whole_Keypad.c...
linking...
Program Size: Code=14260 RO-data=36 RW-data=208 ZI-data=1696  
FromELF: creating hex file...
"P1.axf" - 0 Error(s), 1 Warning(s).
Build target 'Target 1'
assembling Startup.s...
compiling P1.c...
P1.c(320): warning:  #111-D: statement is unreachable
compiling delay.c...
compiling GSM.c...
compiling I2C.c...
compiling I2C_EEPROM.C...
compiling l293d.c...
compiling LCD.c...
compiling UART0.c...
compiling Whole_Keypad.c...
linking...
Program Size: Code=14564 RO-data=36 RW-data=208 ZI-data=1696  
FromELF: creating hex file...
"P1.axf" - 0 Error(s), 1 Warning(s).
Build target 'Target 1'
assembling Startup.s...
compiling P1.c...
P1.c(320): warning:  #111-D: statement is unreachable
compiling delay.c...
compiling GSM.c...
compiling I2C.c...
compiling I2C_EEPROM.C...
compiling l293d.c...
compiling LCD.c...
compiling UART0.c...
compiling Whole_Keypad.c...
linking...
Program Size: Code=14612 RO-data=36 RW-data=208 ZI-data=1696  
FromELF: creating hex file...
"P1.axf" - 0 Error(s), 1 Warning(s).
Build target 'Target 1'
assembling Startup.s...
compiling P1.c...
P1.c(320): warning:  #111-D: statement is unreachable
compiling delay.c...
compiling GSM.c...
compiling I2C.c...
compiling I2C_EEPROM.C...
compiling l293d.c...
compiling LCD.c...
compiling UART0.c...
compiling Whole_Keypad.c...
linking...
Program Size: Code=14612 RO-data=36 RW-data=208 ZI-data=1696  
FromELF: creating hex file...
"P1.axf" - 0 Error(s), 1 Warning(s).
Build target 'Target 1'
assembling Startup.s...
compiling P1.c...
P1.c(320): warning:  #111-D: statement is unreachable
compiling delay.c...
compiling GSM.c...
compiling I2C.c...
compiling I2C_EEPROM.C...
compiling l293d.c...
compiling LCD.c...
compiling UART0.c...
compiling Whole_Keypad.c...
linking...
Program Size: Code=14608 RO-data=36 RW-data=208 ZI-data=1696  
FromELF: creating hex file...
"P1.axf" - 0 Error(s), 1 Warning(s).
Build target 'Target 1'
assembling Startup.s...
compiling P1.c...
P1.c(320): warning:  #111-D: statement is unreachable
compiling delay.c...
compiling GSM.c...
compiling I2C.c...
compiling I2C_EEPROM.C...
compiling l293d.c...
compiling LCD.c...
compiling UART0.c...
compiling Whole_Keypad.c...
linking...
Program Size: Code=14612 RO-data=36 RW-data=208 ZI-data=1696  
FromELF: creating hex file...
"P1.axf" - 0 Error(s), 1 Warning(s).
Build target 'Target 1'
assembling Startup.s...
compiling P1.c...
P1.c(320): warning:  #111-D: statement is unreachable
P1.c(598): warning:  #111-D: statement is unreachable
compiling delay.c...
compiling GSM.c...
compiling I2C.c...
compiling I2C_EEPROM.C...
compiling l293d.c...
compiling LCD.c...
compiling UART0.c...
compiling Whole_Keypad.c...
linking...
Program Size: Code=14728 RO-data=36 RW-data=208 ZI-data=1696  
FromELF: creating hex file...
"P1.axf" - 0 Error(s), 2 Warning(s).
Build target 'Target 1'
assembling Startup.s...
compiling P1.c...
P1.c(320): warning:  #111-D: statement is unreachable
P1.c(598): warning:  #111-D: statement is unreachable
compiling delay.c...
compiling GSM.c...
compiling I2C.c...
compiling I2C_EEPROM.C...
compiling l293d.c...
compiling LCD.c...
compiling UART0.c...
compiling Whole_Keypad.c...
linking...
Program Size: Code=14728 RO-data=36 RW-data=208 ZI-data=1696  
FromELF: creating hex file...
"P1.axf" - 0 Error(s), 2 Warning(s).
